...                                                                      [100%]
3 passed in 0.06s
{"phase": "equivalence", "period": "2024-04-15", "window_start_minute": 0, "profile_id": "constant_pair_0003_0007", "dispatch_rule": "conservative_admission", "passed": 1, "completed_minutes": 10200}
{"phase": "equivalence", "period": "2024-04-15", "window_start_minute": 0, "profile_id": "constant_pair_0003_0007", "dispatch_rule": "full_request_reference", "passed": 2, "completed_minutes": 10200}
{"phase": "equivalence", "period": "2024-04-15", "window_start_minute": 0, "profile_id": "constant_pair_0004_0007", "dispatch_rule": "conservative_admission", "passed": 3, "completed_minutes": 10200}
{"phase": "equivalence", "period": "2024-04-15", "window_start_minute": 0, "profile_id": "constant_pair_0004_0007", "dispatch_rule": "full_request_reference", "passed": 4, "completed_minutes": 10200}
{"phase": "equivalence", "period": "2024-07-15", "window_start_minute": 0, "profile_id": "constant_pair_0003_0007", "dispatch_rule": "conservative_admission", "passed": 5, "completed_minutes": 840}
{"phase": "equivalence", "period": "2024-07-15", "window_start_minute": 0, "profile_id": "constant_pair_0003_0007", "dispatch_rule": "full_request_reference", "passed": 6, "completed_minutes": 841}
{"phase": "equivalence", "period": "2024-04-15", "window_start_minute": 0, "profile_id": "functional_pair_0010_0037", "dispatch_rule": "conservative_admission", "passed": 7, "completed_minutes": 600}
{"phase": "equivalence", "period": "2024-04-15", "window_start_minute": 0, "profile_id": "functional_pair_0010_0037", "dispatch_rule": "full_request_reference", "passed": 8, "completed_minutes": 600}
{"profile": "constant_pair_0000_0000", "new_cells_in_batch": 50, "assessed_cells": 950, "elapsed_seconds": 5.718718283998896}
{"profile": "constant_pair_0000_0000", "new_cells_in_batch": 100, "assessed_cells": 1000, "elapsed_seconds": 12.079019694996532}
{"profile": "constant_pair_0000_0000", "new_cells_in_batch": 150, "assessed_cells": 1050, "elapsed_seconds": 17.876422273999196}
{"profile": "constant_pair_0000_0000", "new_cells_in_batch": 200, "assessed_cells": 1100, "elapsed_seconds": 21.79646940100065}
{"profile": "constant_pair_0000_0000", "new_cells_in_batch": 250, "assessed_cells": 1150, "elapsed_seconds": 28.24963029900391}
{"profile": "constant_pair_0000_0000", "new_cells_in_batch": 300, "assessed_cells": 1200, "elapsed_seconds": 34.30913181199867}
{"profile": "constant_pair_0000_0000", "new_cells_in_batch": 350, "assessed_cells": 1250, "elapsed_seconds": 40.997223972997745}
{"profile": "constant_pair_0000_0000", "new_cells_in_batch": 400, "assessed_cells": 1300, "elapsed_seconds": 54.17422781299683}
{"profile": "constant_pair_0000_0001", "new_cells_in_batch": 450, "assessed_cells": 1350, "elapsed_seconds": 59.98949659700156}
{"profile": "constant_pair_0000_0001", "new_cells_in_batch": 500, "assessed_cells": 1400, "elapsed_seconds": 66.9688696200028}
{"profile": "constant_pair_0000_0001", "new_cells_in_batch": 550, "assessed_cells": 1450, "elapsed_seconds": 75.37415993200557}
{"profile": "constant_pair_0000_0001", "new_cells_in_batch": 600, "assessed_cells": 1500, "elapsed_seconds": 83.73050708499795}
{"profile": "constant_pair_0000_0001", "new_cells_in_batch": 650, "assessed_cells": 1550, "elapsed_seconds": 88.45260701299412}
{"profile": "constant_pair_0000_0001", "new_cells_in_batch": 700, "assessed_cells": 1600, "elapsed_seconds": 95.04814895799791}
{"profile": "constant_pair_0000_0001", "new_cells_in_batch": 750, "assessed_cells": 1650, "elapsed_seconds": 102.04651697499503}
{"profile": "constant_pair_0000_0001", "new_cells_in_batch": 800, "assessed_cells": 1700, "elapsed_seconds": 112.34057049900002}
{"profile": "constant_pair_0000_0001", "new_cells_in_batch": 850, "assessed_cells": 1750, "elapsed_seconds": 123.24180557399814}
{"profile": "constant_pair_0000_0002", "new_cells_in_batch": 900, "assessed_cells": 1800, "elapsed_seconds": 128.60566099100106}
{"profile": "constant_pair_0000_0002", "new_cells_in_batch": 950, "assessed_cells": 1850, "elapsed_seconds": 135.10485674400115}
{"profile": "constant_pair_0000_0002", "new_cells_in_batch": 1000, "assessed_cells": 1900, "elapsed_seconds": 141.73652389200288}
{"profile": "constant_pair_0000_0002", "new_cells_in_batch": 1050, "assessed_cells": 1950, "elapsed_seconds": 147.53716694799368}
{"profile": "constant_pair_0000_0002", "new_cells_in_batch": 1100, "assessed_cells": 2000, "elapsed_seconds": 154.77730696900107}
{"profile": "constant_pair_0000_0002", "new_cells_in_batch": 1150, "assessed_cells": 2050, "elapsed_seconds": 160.84622852799657}
{"profile": "constant_pair_0000_0002", "new_cells_in_batch": 1200, "assessed_cells": 2100, "elapsed_seconds": 166.92418462599744}
{"profile": "constant_pair_0000_0002", "new_cells_in_batch": 1250, "assessed_cells": 2150, "elapsed_seconds": 179.12364872399485}
{"profile": "constant_pair_0000_0002", "new_cells_in_batch": 1300, "assessed_cells": 2200, "elapsed_seconds": 185.37556214300275}
{"profile": "constant_pair_0000_0003", "new_cells_in_batch": 1350, "assessed_cells": 2250, "elapsed_seconds": 192.69640745299694}
{"profile": "constant_pair_0000_0003", "new_cells_in_batch": 1400, "assessed_cells": 2300, "elapsed_seconds": 200.77972436399432}
{"profile": "constant_pair_0000_0003", "new_cells_in_batch": 1450, "assessed_cells": 2350, "elapsed_seconds": 209.8198065960023}
{"profile": "constant_pair_0000_0003", "new_cells_in_batch": 1500, "assessed_cells": 2400, "elapsed_seconds": 216.32863966700097}
{"profile": "constant_pair_0000_0003", "new_cells_in_batch": 1550, "assessed_cells": 2450, "elapsed_seconds": 225.38296598500165}
{"profile": "constant_pair_0000_0003", "new_cells_in_batch": 1600, "assessed_cells": 2500, "elapsed_seconds": 232.3526736509957}
{"profile": "constant_pair_0000_0003", "new_cells_in_batch": 1650, "assessed_cells": 2550, "elapsed_seconds": 257.5825554829935}
{"profile": "constant_pair_0000_0003", "new_cells_in_batch": 1700, "assessed_cells": 2600, "elapsed_seconds": 278.0612045690068}
{"profile": "constant_pair_0000_0003", "new_cells_in_batch": 1750, "assessed_cells": 2650, "elapsed_seconds": 286.57618901200476}
{"protocol_id": "public_battery_announced_population_screen_v1_20261001", "updated_at_utc": "2026-10-01T05:01:18.830538+00:00", "status": "population_batch_complete", "registered_unique_cells": 68766, "assessed_unique_cells": 2652, "new_unique_controller_cells": 1752, "reused_cells": 900, "equivalence_controller_replays": 8, "economic_controller_replays": 0, "actual_controller_executions": 1760, "new_population_calls": {"envelope_path_evaluations": 751800, "nomination_decisions": 33988, "half_hour_announced_decisions": 16556, "whole_hour_zero_decisions": 17432, "nomination_safety_path_evaluations": 175908, "scalar_stock_projection_evaluations": 3250048, "minute_physics_evaluations": 995053}, "equivalence_calls": {"envelope_path_evaluations": 23400, "nomination_decisions": 1450, "half_hour_announced_decisions": 724, "whole_hour_zero_decisions": 726, "nomination_safety_path_evaluations": 2156, "scalar_stock_projection_evaluations": 151600, "minute_physics_evaluations": 43683}, "economic_replay_calls": {"envelope_path_evaluations": 0, "nomination_decisions": 0, "half_hour_announced_decisions": 0, "whole_hour_zero_decisions": 0, "nomination_safety_path_evaluations": 0, "scalar_stock_projection_evaluations": 0, "minute_physics_evaluations": 0}, "successful_unique_cells": 584, "known_successful_costs": 4, "pending_successful_economic_replays": 580, "active_profile_index_range": [0, 4], "completed_candidate_populations": 6, "groups": [{"profile_id": "constant_pair_0000_0000", "family": "joint_constant", "assessed_cells": 438, "successful_cells": 0, "complete_candidate_population": true}, {"profile_id": "constant_pair_0000_0001", "family": "joint_constant", "assessed_cells": 438, "successful_cells": 0, "complete_candidate_population": true}, {"profile_id": "constant_pair_0000_0002", "family": "joint_constant", "assessed_cells": 438, "successful_cells": 0, "complete_candidate_population": true}, {"profile_id": "constant_pair_0000_0003", "family": "joint_constant", "assessed_cells": 438, "successful_cells": 0, "complete_candidate_population": true}, {"profile_id": "constant_pair_0003_0007", "family": "joint_constant", "assessed_cells": 438, "successful_cells": 146, "complete_candidate_population": true}, {"profile_id": "constant_pair_0004_0007", "family": "joint_constant", "assessed_cells": 438, "successful_cells": 438, "complete_candidate_population": true}, {"profile_id": "functional_pair_0010_0037", "family": "joint_functional", "assessed_cells": 12, "successful_cells": 0, "complete_candidate_population": false}, {"profile_id": "functional_pair_0037_0010", "family": "joint_functional", "assessed_cells": 12, "successful_cells": 0, "complete_candidate_population": false}], "population_complete": false, "minimum_completed_physical_windows": 742, "prefix_stopped_failures": 876, "new_public_data_requests": 0, "new_business_data_requests": 0, "diagnostic_LP_calls": 0, "algorithm_optimizer_calls": 0, "terminal_verifier_calls": 0, "confirmation_year_access": false, "library_matrix_launch": true, "source_comparison_gate": "HOLD", "limitations": "overlapping development windows, analyst-defined notices/reset inventory and MID proxy, undefined full costs on failed paths; no source effect, historical BM validity, independent confirmation or OR submission-readiness result", "batch_elapsed_seconds": 287.2998397430056, "new_cells_in_batch": 1752}
