reference_rows=960 reused_diagnostic_rows=160 new_cells=800 workers=2
completed=1/800 elapsed_seconds=0.8
completed=40/800 elapsed_seconds=3.0
completed=80/800 elapsed_seconds=5.6
completed=120/800 elapsed_seconds=8.0
completed=160/800 elapsed_seconds=10.5
completed=200/800 elapsed_seconds=13.0
completed=240/800 elapsed_seconds=15.0
completed=280/800 elapsed_seconds=17.3
completed=320/800 elapsed_seconds=19.9
completed=360/800 elapsed_seconds=24.7
completed=400/800 elapsed_seconds=29.2
completed=440/800 elapsed_seconds=33.5
completed=480/800 elapsed_seconds=38.5
completed=520/800 elapsed_seconds=53.3
completed=560/800 elapsed_seconds=68.9
completed=600/800 elapsed_seconds=84.1
completed=640/800 elapsed_seconds=98.5
completed=680/800 elapsed_seconds=113.9
completed=720/800 elapsed_seconds=125.4
completed=760/800 elapsed_seconds=140.3
completed=800/800 elapsed_seconds=156.1
{"nominal_dimension": 200, "arm": "source_atlas", "independent_task_count": 160, "N": 10, "n0": 10, "true_feasible_coverage_count": 154, "initial_design_true_feasible_coverage_count": 154, "initial_design_true_feasible_coverage_rate": 0.9625, "certified_true_feasible_deployment_count": 82, "certified_true_feasible_deployment_rate": 0.5125, "independently_certified_count": 82, "false_certificate_count": 0, "mean_penalized_loss": 0.1048571036910736, "mean_source_calls": 384.0, "mean_target_search_calls": 10.0, "mean_verification_calls": 158.5, "mean_all_in_calls_unamortized": 552.5, "mean_all_in_calls_amortized": 187.7}
{"nominal_dimension": 200, "arm": "generic_dct_maximin", "independent_task_count": 160, "N": 10, "n0": 10, "true_feasible_coverage_count": 60, "initial_design_true_feasible_coverage_count": 60, "initial_design_true_feasible_coverage_rate": 0.375, "certified_true_feasible_deployment_count": 17, "certified_true_feasible_deployment_rate": 0.10625, "independently_certified_count": 18, "false_certificate_count": 1, "mean_penalized_loss": 0.7391209982624865, "mean_source_calls": 0.0, "mean_target_search_calls": 10.0, "mean_verification_calls": 223.0, "mean_all_in_calls_unamortized": 233.0, "mean_all_in_calls_amortized": 233.0}
{"nominal_dimension": 200, "arm": "standardized_generic_dct_maximin", "independent_task_count": 160, "N": 10, "n0": 10, "true_feasible_coverage_count": 137, "initial_design_true_feasible_coverage_count": 137, "initial_design_true_feasible_coverage_rate": 0.85625, "certified_true_feasible_deployment_count": 56, "certified_true_feasible_deployment_rate": 0.35, "independently_certified_count": 56, "false_certificate_count": 0, "mean_penalized_loss": 0.21593279905541746, "mean_source_calls": 0.0, "mean_target_search_calls": 10.0, "mean_verification_calls": 185.0, "mean_all_in_calls_unamortized": 195.0, "mean_all_in_calls_amortized": 195.0}
{"nominal_dimension": 200, "arm": "source_greedy_portfolio", "independent_task_count": 160, "N": 10, "n0": 10, "true_feasible_coverage_count": 140, "initial_design_true_feasible_coverage_count": 140, "initial_design_true_feasible_coverage_rate": 0.875, "certified_true_feasible_deployment_count": 64, "certified_true_feasible_deployment_rate": 0.4, "independently_certified_count": 65, "false_certificate_count": 1, "mean_penalized_loss": 0.17198772422333547, "mean_source_calls": 384.0, "mean_target_search_calls": 10.0, "mean_verification_calls": 193.0, "mean_all_in_calls_unamortized": 587.0, "mean_all_in_calls_amortized": 222.2}
{"nominal_dimension": 1000, "arm": "source_atlas", "independent_task_count": 160, "N": 10, "n0": 10, "true_feasible_coverage_count": 152, "initial_design_true_feasible_coverage_count": 152, "initial_design_true_feasible_coverage_rate": 0.95, "certified_true_feasible_deployment_count": 74, "certified_true_feasible_deployment_rate": 0.4625, "independently_certified_count": 74, "false_certificate_count": 0, "mean_penalized_loss": 0.14293611787491017, "mean_source_calls": 384.0, "mean_target_search_calls": 10.0, "mean_verification_calls": 168.0, "mean_all_in_calls_unamortized": 562.0, "mean_all_in_calls_amortized": 197.2}
{"nominal_dimension": 1000, "arm": "generic_dct_maximin", "independent_task_count": 160, "N": 10, "n0": 10, "true_feasible_coverage_count": 60, "initial_design_true_feasible_coverage_count": 60, "initial_design_true_feasible_coverage_rate": 0.375, "certified_true_feasible_deployment_count": 17, "certified_true_feasible_deployment_rate": 0.10625, "independently_certified_count": 18, "false_certificate_count": 1, "mean_penalized_loss": 0.7429276052965588, "mean_source_calls": 0.0, "mean_target_search_calls": 10.0, "mean_verification_calls": 223.0, "mean_all_in_calls_unamortized": 233.0, "mean_all_in_calls_amortized": 233.0}
{"nominal_dimension": 1000, "arm": "standardized_generic_dct_maximin", "independent_task_count": 160, "N": 10, "n0": 10, "true_feasible_coverage_count": 135, "initial_design_true_feasible_coverage_count": 135, "initial_design_true_feasible_coverage_rate": 0.84375, "certified_true_feasible_deployment_count": 49, "certified_true_feasible_deployment_rate": 0.30625, "independently_certified_count": 49, "false_certificate_count": 0, "mean_penalized_loss": 0.2540843008732212, "mean_source_calls": 0.0, "mean_target_search_calls": 10.0, "mean_verification_calls": 193.5, "mean_all_in_calls_unamortized": 203.5, "mean_all_in_calls_amortized": 203.5}
{"nominal_dimension": 1000, "arm": "source_greedy_portfolio", "independent_task_count": 160, "N": 10, "n0": 10, "true_feasible_coverage_count": 139, "initial_design_true_feasible_coverage_count": 139, "initial_design_true_feasible_coverage_rate": 0.86875, "certified_true_feasible_deployment_count": 56, "certified_true_feasible_deployment_rate": 0.35, "independently_certified_count": 57, "false_certificate_count": 1, "mean_penalized_loss": 0.18343059307782875, "mean_source_calls": 384.0, "mean_target_search_calls": 10.0, "mean_verification_calls": 201.0, "mean_all_in_calls_unamortized": 595.0, "mean_all_in_calls_amortized": 230.2}
{"nominal_dimension": 10000, "arm": "source_atlas", "independent_task_count": 160, "N": 10, "n0": 10, "true_feasible_coverage_count": 134, "initial_design_true_feasible_coverage_count": 134, "initial_design_true_feasible_coverage_rate": 0.8375, "certified_true_feasible_deployment_count": 71, "certified_true_feasible_deployment_rate": 0.44375, "independently_certified_count": 71, "false_certificate_count": 0, "mean_penalized_loss": 0.24043668484461117, "mean_source_calls": 384.0, "mean_target_search_calls": 10.0, "mean_verification_calls": 169.5, "mean_all_in_calls_unamortized": 563.5, "mean_all_in_calls_amortized": 198.7}
{"nominal_dimension": 10000, "arm": "generic_dct_maximin", "independent_task_count": 160, "N": 10, "n0": 10, "true_feasible_coverage_count": 60, "initial_design_true_feasible_coverage_count": 60, "initial_design_true_feasible_coverage_rate": 0.375, "certified_true_feasible_deployment_count": 17, "certified_true_feasible_deployment_rate": 0.10625, "independently_certified_count": 18, "false_certificate_count": 1, "mean_penalized_loss": 0.7552867070849674, "mean_source_calls": 0.0, "mean_target_search_calls": 10.0, "mean_verification_calls": 223.0, "mean_all_in_calls_unamortized": 233.0, "mean_all_in_calls_amortized": 233.0}
{"nominal_dimension": 10000, "arm": "standardized_generic_dct_maximin", "independent_task_count": 160, "N": 10, "n0": 10, "true_feasible_coverage_count": 117, "initial_design_true_feasible_coverage_count": 117, "initial_design_true_feasible_coverage_rate": 0.73125, "certified_true_feasible_deployment_count": 46, "certified_true_feasible_deployment_rate": 0.2875, "independently_certified_count": 46, "false_certificate_count": 0, "mean_penalized_loss": 0.3515317707729904, "mean_source_calls": 0.0, "mean_target_search_calls": 10.0, "mean_verification_calls": 195.0, "mean_all_in_calls_unamortized": 205.0, "mean_all_in_calls_amortized": 205.0}
{"nominal_dimension": 10000, "arm": "source_greedy_portfolio", "independent_task_count": 160, "N": 10, "n0": 10, "true_feasible_coverage_count": 139, "initial_design_true_feasible_coverage_count": 139, "initial_design_true_feasible_coverage_rate": 0.86875, "certified_true_feasible_deployment_count": 58, "certified_true_feasible_deployment_rate": 0.3625, "independently_certified_count": 59, "false_certificate_count": 1, "mean_penalized_loss": 0.17752031410215735, "mean_source_calls": 384.0, "mean_target_search_calls": 10.0, "mean_verification_calls": 200.0, "mean_all_in_calls_unamortized": 594.0, "mean_all_in_calls_amortized": 229.2}
SUPPLEMENT_COMPLETE rows=1920 output=/home/erzhu419/mine_code/KG_op/SC-OLH-KG/paper_artifacts/submission_revision_20260907
