MONTH_COMPLETED DK_2 01 rows=25
MONTH_COMPLETED DK_1 01 rows=25
MONTH_COMPLETED DK_2 02 rows=25
MONTH_COMPLETED DK_1 02 rows=25
MONTH_COMPLETED DK_2 03 rows=25
MONTH_COMPLETED DK_1 03 rows=25
MONTH_COMPLETED DK_2 04 rows=25
MONTH_COMPLETED DK_1 04 rows=25
MONTH_COMPLETED DK_2 05 rows=25
MONTH_COMPLETED DK_1 05 rows=25
MONTH_COMPLETED DK_2 06 rows=25
MONTH_COMPLETED DK_1 06 rows=25
MONTH_COMPLETED DK_2 07 rows=25
MONTH_COMPLETED DK_1 07 rows=25
MONTH_COMPLETED DK_2 08 rows=25
MONTH_COMPLETED DK_1 08 rows=25
MONTH_COMPLETED DK_2 09 rows=25
MONTH_COMPLETED DK_1 09 rows=25
MONTH_COMPLETED DK_2 10 rows=25
MONTH_COMPLETED DK_1 10 rows=25
MONTH_COMPLETED DK_2 11 rows=25
MONTH_COMPLETED DK_1 11 rows=25
MONTH_COMPLETED DK_2 12 rows=25
MONTH_COMPLETED DK_1 12 rows=25
MONTH_COMPLETED GB_GBN 01 rows=25
MONTH_COMPLETED IT_CNOR 01 rows=25
MONTH_COMPLETED GB_GBN 02 rows=25
MONTH_COMPLETED IT_CNOR 02 rows=25
MONTH_COMPLETED GB_GBN 03 rows=25
MONTH_COMPLETED IT_CNOR 03 rows=25
MONTH_COMPLETED GB_GBN 04 rows=25
MONTH_COMPLETED IT_CNOR 04 rows=25
MONTH_COMPLETED GB_GBN 05 rows=25
MONTH_COMPLETED IT_CNOR 05 rows=25
MONTH_COMPLETED GB_GBN 06 rows=25
MONTH_COMPLETED IT_CNOR 06 rows=25
MONTH_COMPLETED GB_GBN 07 rows=25
MONTH_COMPLETED IT_CNOR 07 rows=25
MONTH_COMPLETED GB_GBN 08 rows=25
MONTH_COMPLETED IT_CNOR 08 rows=25
MONTH_COMPLETED GB_GBN 09 rows=25
MONTH_COMPLETED IT_CNOR 09 rows=25
MONTH_COMPLETED GB_GBN 10 rows=25
MONTH_COMPLETED IT_CNOR 10 rows=25
MONTH_COMPLETED GB_GBN 11 rows=25
MONTH_COMPLETED IT_CNOR 11 rows=25
MONTH_COMPLETED GB_GBN 12 rows=25
MONTH_COMPLETED IT_CNOR 12 rows=25
MONTH_COMPLETED IT_CSUD 01 rows=25
MONTH_COMPLETED IT_NORD 01 rows=25
MONTH_COMPLETED IT_CSUD 02 rows=25
MONTH_COMPLETED IT_NORD 02 rows=25
MONTH_COMPLETED IT_CSUD 03 rows=25
MONTH_COMPLETED IT_NORD 03 rows=25
MONTH_COMPLETED IT_CSUD 04 rows=25
MONTH_COMPLETED IT_NORD 04 rows=25
MONTH_COMPLETED IT_CSUD 05 rows=25
MONTH_COMPLETED IT_NORD 05 rows=25
MONTH_COMPLETED IT_CSUD 06 rows=25
MONTH_COMPLETED IT_NORD 06 rows=25
MONTH_COMPLETED IT_CSUD 07 rows=25
MONTH_COMPLETED IT_NORD 07 rows=25
MONTH_COMPLETED IT_CSUD 08 rows=25
MONTH_COMPLETED IT_NORD 08 rows=25
MONTH_COMPLETED IT_CSUD 09 rows=25
MONTH_COMPLETED IT_NORD 09 rows=25
MONTH_COMPLETED IT_CSUD 10 rows=25
MONTH_COMPLETED IT_NORD 10 rows=25
MONTH_COMPLETED IT_CSUD 11 rows=25
MONTH_COMPLETED IT_NORD 11 rows=25
MONTH_COMPLETED IT_CSUD 12 rows=25
MONTH_COMPLETED IT_NORD 12 rows=25
MONTH_COMPLETED IT_SARD 01 rows=25
MONTH_COMPLETED IT_SICI 01 rows=25
MONTH_COMPLETED IT_SARD 02 rows=25
MONTH_COMPLETED IT_SICI 02 rows=25
MONTH_COMPLETED IT_SARD 03 rows=25
MONTH_COMPLETED IT_SICI 03 rows=25
MONTH_COMPLETED IT_SARD 04 rows=25
MONTH_COMPLETED IT_SICI 04 rows=25
MONTH_COMPLETED IT_SARD 05 rows=25
MONTH_COMPLETED IT_SICI 05 rows=25
MONTH_COMPLETED IT_SARD 06 rows=25
MONTH_COMPLETED IT_SICI 06 rows=25
MONTH_COMPLETED IT_SARD 07 rows=25
MONTH_COMPLETED IT_SICI 07 rows=25
MONTH_COMPLETED IT_SARD 08 rows=25
MONTH_COMPLETED IT_SICI 08 rows=25
MONTH_COMPLETED IT_SARD 09 rows=25
MONTH_COMPLETED IT_SICI 09 rows=25
MONTH_COMPLETED IT_SARD 10 rows=25
MONTH_COMPLETED IT_SICI 10 rows=25
MONTH_COMPLETED IT_SARD 11 rows=25
MONTH_COMPLETED IT_SICI 11 rows=25
MONTH_COMPLETED IT_SARD 12 rows=25
MONTH_COMPLETED IT_SICI 12 rows=25
MONTH_COMPLETED IT_SUD 01 rows=25
MONTH_COMPLETED NO_1 01 rows=25
MONTH_COMPLETED IT_SUD 02 rows=25
MONTH_COMPLETED NO_1 02 rows=25
MONTH_COMPLETED IT_SUD 03 rows=25
MONTH_COMPLETED NO_1 03 rows=25
MONTH_COMPLETED IT_SUD 04 rows=25
MONTH_COMPLETED NO_1 04 rows=25
MONTH_COMPLETED IT_SUD 05 rows=25
MONTH_COMPLETED NO_1 05 rows=25
MONTH_COMPLETED IT_SUD 06 rows=25
MONTH_COMPLETED NO_1 06 rows=25
MONTH_COMPLETED IT_SUD 07 rows=25
MONTH_COMPLETED NO_1 07 rows=25
MONTH_COMPLETED IT_SUD 08 rows=25
MONTH_COMPLETED NO_1 08 rows=25
MONTH_COMPLETED IT_SUD 09 rows=25
MONTH_COMPLETED NO_1 09 rows=25
MONTH_COMPLETED IT_SUD 10 rows=25
MONTH_COMPLETED NO_1 10 rows=25
MONTH_COMPLETED IT_SUD 11 rows=25
MONTH_COMPLETED NO_1 11 rows=25
MONTH_COMPLETED IT_SUD 12 rows=25
MONTH_COMPLETED NO_1 12 rows=25
MONTH_COMPLETED NO_2 01 rows=25
MONTH_COMPLETED NO_3 01 rows=25
MONTH_COMPLETED NO_2 02 rows=25
MONTH_COMPLETED NO_3 02 rows=25
MONTH_COMPLETED NO_2 03 rows=25
MONTH_COMPLETED NO_3 03 rows=25
MONTH_COMPLETED NO_2 04 rows=25
MONTH_COMPLETED NO_3 04 rows=25
MONTH_COMPLETED NO_2 05 rows=25
MONTH_COMPLETED NO_3 05 rows=25
MONTH_COMPLETED NO_2 06 rows=25
MONTH_COMPLETED NO_3 06 rows=25
MONTH_COMPLETED NO_2 07 rows=25
MONTH_COMPLETED NO_3 07 rows=25
MONTH_COMPLETED NO_2 08 rows=25
MONTH_COMPLETED NO_3 08 rows=25
MONTH_COMPLETED NO_2 09 rows=25
MONTH_COMPLETED NO_3 09 rows=25
MONTH_COMPLETED NO_2 10 rows=25
MONTH_COMPLETED NO_3 10 rows=25
MONTH_COMPLETED NO_2 11 rows=25
MONTH_COMPLETED NO_3 11 rows=25
MONTH_COMPLETED NO_2 12 rows=25
MONTH_COMPLETED NO_3 12 rows=25
MONTH_COMPLETED NO_4 01 rows=25
MONTH_COMPLETED NO_5 01 rows=25
MONTH_COMPLETED NO_4 02 rows=25
MONTH_COMPLETED NO_5 02 rows=25
MONTH_COMPLETED NO_4 03 rows=25
MONTH_COMPLETED NO_5 03 rows=25
MONTH_COMPLETED NO_4 04 rows=25
MONTH_COMPLETED NO_5 04 rows=25
MONTH_COMPLETED NO_4 05 rows=25
MONTH_COMPLETED NO_5 05 rows=25
MONTH_COMPLETED NO_4 06 rows=25
MONTH_COMPLETED NO_5 06 rows=25
MONTH_COMPLETED NO_4 07 rows=25
MONTH_COMPLETED NO_5 07 rows=25
MONTH_COMPLETED NO_4 08 rows=25
MONTH_COMPLETED NO_5 08 rows=25
MONTH_COMPLETED NO_4 09 rows=25
MONTH_COMPLETED NO_5 09 rows=25
MONTH_COMPLETED NO_4 10 rows=25
MONTH_COMPLETED NO_5 10 rows=25
MONTH_COMPLETED NO_4 11 rows=25
MONTH_COMPLETED NO_5 11 rows=25
MONTH_COMPLETED NO_4 12 rows=25
MONTH_COMPLETED NO_5 12 rows=25
MONTH_COMPLETED SE_1 01 rows=25
MONTH_COMPLETED SE_2 01 rows=25
MONTH_COMPLETED SE_1 02 rows=25
MONTH_COMPLETED SE_1 03 rows=25
MONTH_COMPLETED SE_2 02 rows=25
MONTH_COMPLETED SE_1 04 rows=25
MONTH_COMPLETED SE_2 03 rows=25
MONTH_COMPLETED SE_1 05 rows=25
MONTH_COMPLETED SE_2 04 rows=25
MONTH_COMPLETED SE_1 06 rows=25
MONTH_COMPLETED SE_2 05 rows=25
MONTH_COMPLETED SE_1 07 rows=25
MONTH_COMPLETED SE_2 06 rows=25
MONTH_COMPLETED SE_1 08 rows=25
MONTH_COMPLETED SE_2 07 rows=25
MONTH_COMPLETED SE_1 09 rows=25
MONTH_COMPLETED SE_2 08 rows=25
MONTH_COMPLETED SE_1 10 rows=25
MONTH_COMPLETED SE_2 09 rows=25
MONTH_COMPLETED SE_2 10 rows=25
MONTH_COMPLETED SE_1 11 rows=25
MONTH_COMPLETED SE_2 11 rows=25
MONTH_COMPLETED SE_1 12 rows=25
MONTH_COMPLETED SE_2 12 rows=25
MONTH_COMPLETED SE_3 01 rows=25
MONTH_COMPLETED SE_4 01 rows=25
MONTH_COMPLETED SE_3 02 rows=25
MONTH_COMPLETED SE_4 02 rows=25
MONTH_COMPLETED SE_3 03 rows=25
MONTH_COMPLETED SE_4 03 rows=25
MONTH_COMPLETED SE_3 04 rows=25
MONTH_COMPLETED SE_4 04 rows=25
MONTH_COMPLETED SE_3 05 rows=25
MONTH_COMPLETED SE_4 05 rows=25
MONTH_COMPLETED SE_3 06 rows=25
MONTH_COMPLETED SE_4 06 rows=25
MONTH_COMPLETED SE_3 07 rows=25
MONTH_COMPLETED SE_4 07 rows=25
MONTH_COMPLETED SE_3 08 rows=25
MONTH_COMPLETED SE_4 08 rows=25
MONTH_COMPLETED SE_3 09 rows=25
MONTH_COMPLETED SE_4 09 rows=25
MONTH_COMPLETED SE_3 10 rows=25
MONTH_COMPLETED SE_4 10 rows=25
MONTH_COMPLETED SE_3 11 rows=25
MONTH_COMPLETED SE_4 11 rows=25
MONTH_COMPLETED SE_3 12 rows=25
MONTH_COMPLETED SE_4 12 rows=25
[{"arm": "source_best_z", "row_count": 1080, "actual_deployment_tasks": 216, "certified_true_feasible_count": 941, "certification_rate": 0.8712962962962965, "initial_feasible_coverage_count": 196.0, "first_center_true_feasible_count": 187.0, "false_certificate_count": 0, "source_calls_once": 6912, "cumulative_calls": 32904.0, "expected_true_certificates": 188.20000000000005, "calls_per_true_certificate": 174.83528161530282, "certified_objective_mean": 0.046445468374300164}, {"arm": "source_atlas", "row_count": 1080, "actual_deployment_tasks": 216, "certified_true_feasible_count": 941, "certification_rate": 0.8712962962962965, "initial_feasible_coverage_count": 196.0, "first_center_true_feasible_count": 187.0, "false_certificate_count": 0, "source_calls_once": 6912, "cumulative_calls": 32952.0, "expected_true_certificates": 188.20000000000005, "calls_per_true_certificate": 175.09032943676937, "certified_objective_mean": 0.04640807798112997}, {"arm": "standardized_generic_dct_maximin", "row_count": 1080, "actual_deployment_tasks": 216, "certified_true_feasible_count": 948, "certification_rate": 0.8777777777777779, "initial_feasible_coverage_count": 196.0, "first_center_true_feasible_count": 194.0, "false_certificate_count": 0, "source_calls_once": 0, "cumulative_calls": 25704.0, "expected_true_certificates": 189.60000000000002, "calls_per_true_certificate": 135.56962025316454, "certified_objective_mean": 0.052143528564798286}, {"arm": "source_greedy_portfolio", "row_count": 1080, "actual_deployment_tasks": 216, "certified_true_feasible_count": 966, "certification_rate": 0.8944444444444444, "initial_feasible_coverage_count": 199.0, "first_center_true_feasible_count": 187.0, "false_certificate_count": 0, "source_calls_once": 6912, "cumulative_calls": 31976.0, "expected_true_certificates": 193.2, "calls_per_true_certificate": 165.5072463768116, "certified_objective_mean": 0.043642627454730944}, {"arm": "generic_dct_maximin", "row_count": 1080, "actual_deployment_tasks": 216, "certified_true_feasible_count": 975, "certification_rate": 0.9027777777777778, "initial_feasible_coverage_count": 198.0, "first_center_true_feasible_count": 189.0, "false_certificate_count": 0, "source_calls_once": 0, "cumulative_calls": 27560.0, "expected_true_certificates": 195.0, "calls_per_true_certificate": 141.33333333333334, "certified_objective_mean": 0.049100958311657526}]
