Rc files read:
  /etc/LatexMk
Latexmk: This is Latexmk, John Collins, 20 November 2021, version: 4.76.
Rule 'pdflatex': File changes, etc:
   Changed files, or newly in use since previous run(s):
      'main.aux'
------------
Run number 1 of rule 'pdflatex'
------------
------------
Running 'pdflatex  -interaction=nonstopmode -halt-on-error -recorder  "main.tex"'
------------
Latexmk: applying rule 'pdflatex'...
This is pdfTeX, Version 3.141592653-2.6-1.40.22 (TeX Live 2022/dev/Debian) (preloaded format=pdflatex)
 restricted \write18 enabled.
entering extended mode
(./main.tex
LaTeX2e <2021-11-15> patch level 1
L3 programming layer <2022-01-21> (./informs4.cls
Document Class: informs4 2024/06/03 v1.02 LaTeX document class for articles sub
mitted to INFORMS
(/usr/share/texlive/texmf-dist/tex/latex/amsfonts/amsfonts.sty)
(/usr/share/texlive/texmf-dist/tex/latex/amsmath/amsmath.sty
For additional information on amsmath, use the `?' option.
(/usr/share/texlive/texmf-dist/tex/latex/amsmath/amstext.sty
(/usr/share/texlive/texmf-dist/tex/latex/amsmath/amsgen.sty))
(/usr/share/texlive/texmf-dist/tex/latex/amsmath/amsbsy.sty)
(/usr/share/texlive/texmf-dist/tex/latex/amsmath/amsopn.sty))
(/usr/share/texlive/texmf-dist/tex/latex/amsfonts/amssymb.sty)
(/usr/share/texlive/texmf-dist/tex/latex/base/ifthen.sty)
(/usr/share/texlive/texmf-dist/tex/latex/url/url.sty)
(/usr/share/texlive/texmf-dist/tex/latex/graphics/graphicx.sty
(/usr/share/texlive/texmf-dist/tex/latex/graphics/keyval.sty)
(/usr/share/texlive/texmf-dist/tex/latex/graphics/graphics.sty
(/usr/share/texlive/texmf-dist/tex/latex/graphics/trig.sty)
(/usr/share/texlive/texmf-dist/tex/latex/graphics-cfg/graphics.cfg)
(/usr/share/texlive/texmf-dist/tex/latex/graphics-def/pdftex.def)))
(/usr/share/texlive/texmf-dist/tex/latex/graphics/color.sty
(/usr/share/texlive/texmf-dist/tex/latex/graphics-cfg/color.cfg))
(/usr/share/texlive/texmf-dist/tex/latex/tools/array.sty)
(/usr/share/texlive/texmf-dist/tex/latex/tools/theorem.sty
(/usr/share/texlive/texmf-dist/tex/latex/tools/thp.sty))
(/usr/share/texlive/texmf-dist/tex/latex/psnfss/ot1ptm.fd))
(/usr/share/texmf/tex/latex/tex-gyre/tgtermes.sty
(/usr/share/texlive/texmf-dist/tex/latex/kvoptions/kvoptions.sty
(/usr/share/texlive/texmf-dist/tex/generic/ltxcmds/ltxcmds.sty)
(/usr/share/texlive/texmf-dist/tex/generic/kvsetkeys/kvsetkeys.sty)))
(/usr/share/texlive/texmf-dist/tex/latex/newtx/newtxtext.sty
`newtxtext' v1.705, 2022/01/11 Text macros taking advantage of TeXGyre Termes a
nd its extensions (msharpe)
(/usr/share/texlive/texmf-dist/tex/latex/base/fontenc.sty
(/usr/share/texmf/tex/latex/tex-gyre/t1qtm.fd))
(/usr/share/texlive/texmf-dist/tex/generic/iftex/ifxetex.sty
(/usr/share/texlive/texmf-dist/tex/generic/iftex/iftex.sty))
(/usr/share/texlive/texmf-dist/tex/generic/iftex/ifluatex.sty)
(/usr/share/texlive/texmf-dist/tex/latex/xkeyval/xkeyval.sty
(/usr/share/texlive/texmf-dist/tex/generic/xkeyval/xkeyval.tex
(/usr/share/texlive/texmf-dist/tex/generic/xkeyval/xkvutils.tex)))
(/usr/share/texlive/texmf-dist/tex/latex/etoolbox/etoolbox.sty)
(/usr/share/texlive/texmf-dist/tex/latex/base/textcomp.sty)
(/usr/share/texlive/texmf-dist/tex/generic/xstring/xstring.sty
(/usr/share/texlive/texmf-dist/tex/generic/xstring/xstring.tex))
(/usr/share/texlive/texmf-dist/tex/latex/carlisle/scalefnt.sty)
(/usr/share/texlive/texmf-dist/tex/generic/kastrup/binhex.tex)
(/usr/share/texlive/texmf-dist/tex/latex/fontaxes/fontaxes.sty))
(/usr/share/texlive/texmf-dist/tex/latex/newtx/newtxmath.sty
`newtxmath' v1.7, 2021/12/18 Math macros based originally on txfonts (msharpe)
(/usr/share/texlive/texmf-dist/tex/latex/oberdiek/centernot.sty)
(/usr/share/texlive/texmf-dist/tex/generic/kastrup/binhex.tex)
amsthm NOT loaded
) (/usr/share/texlive/texmf-dist/tex/latex/tools/bm.sty)
(/usr/share/texlive/texmf-dist/tex/latex/endnotes/endnotes.sty)
(/usr/share/texlive/texmf-dist/tex/latex/mathtools/mathtools.sty
(/usr/share/texlive/texmf-dist/tex/latex/tools/calc.sty)
(/usr/share/texlive/texmf-dist/tex/latex/mathtools/mhsetup.sty))
(/usr/share/texlive/texmf-dist/tex/latex/booktabs/booktabs.sty)
(/usr/share/texlive/texmf-dist/tex/latex/multirow/multirow.sty)
(/usr/share/texlive/texmf-dist/tex/latex/microtype/microtype.sty
(/usr/share/texlive/texmf-dist/tex/latex/microtype/microtype-pdftex.def)
(/usr/share/texlive/texmf-dist/tex/latex/microtype/microtype.cfg))
(/usr/share/texlive/texmf-dist/tex/latex/placeins/placeins.sty)
(/usr/share/texlive/texmf-dist/tex/latex/overpic/overpic.sty
(/usr/share/texlive/texmf-dist/tex/latex/eepic/epic.sty
Enhancements to Picture Environment. Version 1.2 - Released June 1, 1986
)) (/usr/share/texlive/texmf-dist/tex/latex/natbib/natbib.sty)
(/usr/share/texlive/texmf-dist/tex/latex/hyperref/hyperref.sty
(/usr/share/texlive/texmf-dist/tex/generic/pdftexcmds/pdftexcmds.sty
(/usr/share/texlive/texmf-dist/tex/generic/infwarerr/infwarerr.sty))
(/usr/share/texlive/texmf-dist/tex/generic/kvdefinekeys/kvdefinekeys.sty)
(/usr/share/texlive/texmf-dist/tex/generic/pdfescape/pdfescape.sty)
(/usr/share/texlive/texmf-dist/tex/latex/hycolor/hycolor.sty)
(/usr/share/texlive/texmf-dist/tex/latex/letltxmacro/letltxmacro.sty)
(/usr/share/texlive/texmf-dist/tex/latex/auxhook/auxhook.sty)
(/usr/share/texlive/texmf-dist/tex/latex/hyperref/pd1enc.def)
(/usr/share/texlive/texmf-dist/tex/latex/hyperref/hyperref-langpatches.def)
(/usr/share/texlive/texmf-dist/tex/generic/intcalc/intcalc.sty)
(/usr/share/texlive/texmf-dist/tex/generic/etexcmds/etexcmds.sty)
(/usr/share/texlive/texmf-dist/tex/latex/hyperref/puenc.def)
(/usr/share/texlive/texmf-dist/tex/generic/bitset/bitset.sty
(/usr/share/texlive/texmf-dist/tex/generic/bigintcalc/bigintcalc.sty))
(/usr/share/texlive/texmf-dist/tex/latex/base/atbegshi-ltx.sty))
(/usr/share/texlive/texmf-dist/tex/latex/hyperref/hpdftex.def
(/usr/share/texlive/texmf-dist/tex/latex/base/atveryend-ltx.sty)
(/usr/share/texlive/texmf-dist/tex/latex/rerunfilecheck/rerunfilecheck.sty
(/usr/share/texlive/texmf-dist/tex/generic/uniquecounter/uniquecounter.sty)))
(/usr/share/texlive/texmf-dist/tex/latex/newtx/t1ntxtlf.fd)
(/usr/share/texlive/texmf-dist/tex/latex/l3backend/l3backend-pdftex.def)
(./main.aux) (/usr/share/texlive/texmf-dist/tex/latex/newtx/omlntxmi.fd)
(/usr/share/texlive/texmf-dist/tex/latex/newtx/untxexa.fd)
(/usr/share/texlive/texmf-dist/tex/latex/newtx/lmsntxsy.fd)
(/usr/share/texlive/texmf-dist/tex/latex/newtx/lmxntxexx.fd)
(/usr/share/texlive/texmf-dist/tex/context/base/mkii/supp-pdf.mkii
[Loading MPS to PDF converter (version 2006.09.02).]
) (/usr/share/texlive/texmf-dist/tex/latex/epstopdf-pkg/epstopdf-base.sty
(/usr/share/texlive/texmf-dist/tex/latex/latexconfig/epstopdf-sys.cfg))
(/usr/share/texlive/texmf-dist/tex/latex/microtype/mt-ptm.cfg)
(/usr/share/texlive/texmf-dist/tex/latex/hyperref/nameref.sty
(/usr/share/texlive/texmf-dist/tex/latex/refcount/refcount.sty)
(/usr/share/texlive/texmf-dist/tex/generic/gettitlestring/gettitlestring.sty))
(./main.out) (./main.out) (/usr/share/texmf/tex/latex/tex-gyre/t1qhv.fd)
(/usr/share/texlive/texmf-dist/tex/latex/newtx/ot1ntxtlf.fd)
(/usr/share/texlive/texmf-dist/tex/latex/amsfonts/umsa.fd)
(/usr/share/texlive/texmf-dist/tex/latex/microtype/mt-msa.cfg)
(/usr/share/texlive/texmf-dist/tex/latex/amsfonts/umsb.fd)
(/usr/share/texlive/texmf-dist/tex/latex/microtype/mt-msb.cfg)
(/usr/share/texlive/texmf-dist/tex/latex/microtype/mt-cmr.cfg)

LaTeX Font Warning: Font shape `OT1/cmr/bx/n' in size <5.5> not available
(Font)              size <5> substituted on input line 110.


LaTeX Font Warning: Font shape `OML/cmm/b/it' in size <5.5> not available
(Font)              size <5> substituted on input line 110.


LaTeX Font Warning: Font shape `OMS/cmsy/b/n' in size <5.5> not available
(Font)              size <5> substituted on input line 110.

(/usr/share/texlive/texmf-dist/tex/latex/newtx/untxmia.fd)
(/usr/share/texlive/texmf-dist/tex/latex/newtx/untxsym.fd)
(/usr/share/texlive/texmf-dist/tex/latex/newtx/untxsyc.fd)
(./sections/01_introduction.tex [1{/home/erzhu419/.texlive2021/texmf-var/fonts/
map/pdftex/updmap/pdftex.map} <./informs_Logo.pdf>]

LaTeX Warning: Reference `fig:method-overview' on page 2 undefined on input lin
e 33.

[2 <./figures//figure1_profile_space.pdf>]) (./sections/02_literature.tex

Package natbib Warning: Citation `Fu2002' on page 3 undefined on input line 6.


Package natbib Warning: Citation `AmaranEtAl2016' on page 3 undefined on input 
line 6.


Package natbib Warning: Citation `AnkenmanNelsonStaum2010' on page 3 undefined 
on input line 7.


Package natbib Warning: Citation `LethamEtAl2019' on page 3 undefined on input 
line 9.


Package natbib Warning: Citation `ErikssonEtAl2019' on page 3 undefined on inpu
t line 16.


Package natbib Warning: Citation `ErikssonPoloczek2021' on page 3 undefined on 
input line 16.


Package natbib Warning: Citation `ErikssonJankowiak2021' on page 3 undefined on
 input line 16.


Package natbib Warning: Citation `VienEtAl2018' on page 3 undefined on input li
ne 19.


Package natbib Warning: Citation `RamsaySilverman2005' on page 3 undefined on i
nput line 21.


Package natbib Warning: Citation `JohnsonMooreYlvisaker1990' on page 3 undefine
d on input line 29.


Package natbib Warning: Citation `MorrisMitchell1995' on page 3 undefined on in
put line 31.


Package natbib Warning: Citation `Gonzalez1985' on page 3 undefined on input li
ne 32.

[3]

Package natbib Warning: Citation `WistubaEtAl2015' on page 4 undefined on input
 line 40.


Package natbib Warning: Citation `FeurerEtAl2022' on page 4 undefined on input 
line 41.


Package natbib Warning: Citation `WistubaGrabocka2021' on page 4 undefined on i
nput line 53.


Package natbib Warning: Citation `RothfussEtAl2021' on page 4 undefined on inpu
t line 53.


Package natbib Warning: Citation `RothfussEtAl2021FPACOH' on page 4 undefined o
n input line 53.


Package natbib Warning: Citation `RothfussEtAl2023' on page 4 undefined on inpu
t line 53.


Package natbib Warning: Citation `WangEtAl2024HyperBO' on page 4 undefined on i
nput line 53.


Package natbib Warning: Citation `TighineanuEtAl2022' on page 4 undefined on in
put line 53.


Package natbib Warning: Citation `VolppEtAl2020' on page 4 undefined on input l
ine 53.


Package natbib Warning: Citation `PanEtAl2024' on page 4 undefined on input lin
e 53.


Package natbib Warning: Citation `PerroneEtAl2019' on page 4 undefined on input
 line 55.


Package natbib Warning: Citation `FeurerEtAl2018' on page 4 undefined on input 
line 56.


Package natbib Warning: Citation `PoloczekWangFrazier2016' on page 4 undefined 
on input line 57.


Package natbib Warning: Citation `HongLuoNelson2015' on page 4 undefined on inp
ut line 68.


Package natbib Warning: Citation `BoeselNelsonKim2003' on page 4 undefined on i
nput line 70.


Package natbib Warning: Citation `WolpertMacready1997' on page 4 undefined on i
nput line 80.

) (./sections/03_problem.tex [4] [5]) (./sections/04_atlas.tex
(/usr/share/texlive/texmf-dist/tex/latex/newtx/ts1ntxtlf.fd) [6] [7] [8])
(./sections/05_theory.tex

LaTeX Warning: Reference `prop:coefficient-stability' on page 9 undefined on in
put line 5.


LaTeX Warning: Reference `thm:farthest-first' on page 9 undefined on input line
 7.


LaTeX Warning: Reference `prop:rank-recovery' on page 9 undefined on input line
 9.


LaTeX Warning: Reference `thm:aligned-coverage' on page 9 undefined on input li
ne 10.


LaTeX Warning: Reference `thm:verifier' on page 9 undefined on input line 13.

[9]

LaTeX Warning: Reference `eq:projection-cover' on page 10 undefined on input li
ne 77.

[10]

LaTeX Warning: Reference `prop:rank-recovery' on page 11 undefined on input lin
e 113.


Package natbib Warning: Citation `Cochran1934' on page 11 undefined on input li
ne 117.


LaTeX Warning: Reference `prop:rank-recovery' on page 11 undefined on input lin
e 131.

[11]

LaTeX Warning: Reference `eq:projection-cover' on page 12 undefined on input li
ne 183.


LaTeX Warning: Reference `ass:alignment' on page 12 undefined on input line 184
.

[12]

LaTeX Warning: Reference `fig:coverage-geometry' on page 13 undefined on input 
line 200.

[13] (/usr/share/texlive/texmf-dist/tex/latex/newtx/t1ntxtt.fd)

LaTeX Warning: Reference `eq:task-law-bound' on page 14 undefined on input line
 244.

[14 <./figures//figure2_atlas_coverage.pdf>]

LaTeX Warning: Reference `sec:results' on page 15 undefined on input line 279.


Package natbib Warning: Citation `ClopperPearson1934' on page 15 undefined on i
nput line 281.


LaTeX Warning: Reference `prop:design-stability' on page 15 undefined on input 
line 291.


LaTeX Warning: Reference `ass:alignment' on page 15 undefined on input line 294
.

) (./sections/06_experiments.tex [15]

LaTeX Warning: Reference `tab:stress-regimes' on page 16 undefined on input lin
e 14.

[16]

Package natbib Warning: Citation `BalandatEtAl2020' on page 17 undefined on inp
ut line 96.


Package natbib Warning: Citation `ErikssonPoloczek2021' on page 17 undefined on
 input line 96.


Package natbib Warning: Citation `OPSD2020' on page 17 undefined on input line 
114.

[17]) (./sections/07_results.tex

LaTeX Warning: Reference `tab:primary-results' on page 18 undefined on input li
ne 5.


LaTeX Warning: Reference `fig:primary-results' on page 18 undefined on input li
ne 5.

[18] [19 <./figures//review_primary.pdf>]

LaTeX Warning: Reference `tab:confirmation' on page 20 undefined on input line 
51.


LaTeX Warning: Reference `tab:regime-results' on page 20 undefined on input lin
e 75.


LaTeX Warning: Reference `fig:regime-results' on page 20 undefined on input lin
e 76.

[20]

LaTeX Warning: Reference `tab:schema-results' on page 21 undefined on input lin
e 128.

[21 <./figures//review_regime.pdf>]

LaTeX Warning: Reference `fig:cost-results' on page 22 undefined on input line 
157.


LaTeX Warning: Reference `tab:equal-cost' on page 22 undefined on input line 16
9.


LaTeX Warning: Reference `tab:outcome-adjusted-cost' on page 22 undefined on in
put line 185.

[22 <./figures//review_cost.pdf>]

LaTeX Warning: Reference `tab:energy-results' on page 23 undefined on input lin
e 196.


LaTeX Warning: Reference `fig:verifier-power' on page 23 undefined on input lin
e 225.

) (./sections/08_discussion.tex [23] [24 <./figures//review_verifier_power.pdf>
]

LaTeX Warning: Reference `tab:outcome-adjusted-cost' on page 25 undefined on in
put line 65.

) (./sections/09_conclusion.tex [25]) (./sections/10_disclosure.tex

LaTeX Warning: Reference `sec:experiments' on page 26 undefined on input line 4
.

) [26] (./main.bbl [27] [28]) [29] (./sections/submission_tables.tex
(./tables/review_stress_primary.tex) (./tables/review_confirmation.tex)
(./tables/review_stress_regimes.tex) (./tables/review_schema_controls.tex)
(./tables/review_equal_cost.tex) (./tables/review_outcome_adjusted_cost.tex)
(./tables/review_energy_v3.tex)) [30] [31] [32]

Package natbib Warning: There were undefined citations.

(./main.aux

Package natbib Warning: Citation(s) may have changed.
(natbib)                Rerun to get citations correct.

)

LaTeX Font Warning: Size substitutions with differences
(Font)              up to 1.64499pt have occurred.


LaTeX Warning: There were undefined references.


LaTeX Warning: Label(s) may have changed. Rerun to get cross-references right.


Package rerunfilecheck Warning: File `main.out' has changed.
(rerunfilecheck)                Rerun to get outlines right
(rerunfilecheck)                or use package `bookmark'.

 ){/usr/share/texmf/fonts/enc/dvips/tex-gyre/q-ec-sc.enc}{/usr/share/texmf/font
s/enc/dvips/tex-gyre/q-ts1.enc}{/usr/share/texlive/texmf-dist/fonts/enc/dvips/n
ewtx/ntx-ot1-tlf.enc}{/usr/share/texlive/texmf-dist/fonts/enc/dvips/newtx/ntx-e
c-tlf.enc}{/usr/share/texmf/fonts/enc/dvips/tex-gyre/q-ec.enc}</usr/share/texli
ve/texmf-dist/fonts/type1/public/newtx/NewTXMI.pfb></usr/share/texlive/texmf-di
st/fonts/type1/public/newtx/NewTXMI5.pfb></usr/share/texlive/texmf-dist/fonts/t
ype1/public/newtx/NewTXMI7.pfb></usr/share/texmf/fonts/type1/public/tex-gyre/qh
vb.pfb></usr/share/texmf/fonts/type1/public/tex-gyre/qhvbi.pfb></usr/share/texm
f/fonts/type1/public/tex-gyre/qhvr.pfb></usr/share/texmf/fonts/type1/public/tex
-gyre/qtmr.pfb></usr/share/texlive/texmf-dist/fonts/type1/public/txfonts/t1xtt.
pfb></usr/share/texlive/texmf-dist/fonts/type1/public/newtx/txexs.pfb></usr/sha
re/texlive/texmf-dist/fonts/type1/public/newtx/txmiaX.pfb></usr/share/texlive/t
exmf-dist/fonts/type1/public/txfonts/txsyb.pfb></usr/share/texlive/texmf-dist/f
onts/type1/public/newtx/txsys.pfb></usr/share/texlive/texmf-dist/fonts/type1/pu
blic/newtx/ztmb.pfb></usr/share/texlive/texmf-dist/fonts/type1/public/newtx/ztm
r.pfb></usr/share/texlive/texmf-dist/fonts/type1/public/newtx/ztmri.pfb>
Output written on main.pdf (32 pages, 1461143 bytes).
Transcript written on main.log.
Latexmk: Found input bbl file 'main.bbl'
Latexmk: References changed.
Latexmk: References changed.
Latexmk: References changed.
Latexmk: Log file says output to 'main.pdf'
Latexmk: List of undefined refs and citations:
  Citation `AmaranEtAl2016' on page 3 undefined on input line 6
  Citation `AnkenmanNelsonStaum2010' on page 3 undefined on input line 7
  Citation `BalandatEtAl2020' on page 17 undefined on input line 96
  Citation `BoeselNelsonKim2003' on page 4 undefined on input line 70
  Citation `ClopperPearson1934' on page 15 undefined on input line 281
  Citation `Cochran1934' on page 11 undefined on input line 117
  Citation `ErikssonEtAl2019' on page 3 undefined on input line 16
  Citation `ErikssonJankowiak2021' on page 3 undefined on input line 16
  Citation `ErikssonPoloczek2021' on page 17 undefined on input line 96
  Citation `ErikssonPoloczek2021' on page 3 undefined on input line 16
  Citation `FeurerEtAl2018' on page 4 undefined on input line 56
  Citation `FeurerEtAl2022' on page 4 undefined on input line 41
  Citation `Fu2002' on page 3 undefined on input line 6
  Citation `Gonzalez1985' on page 3 undefined on input line 32
  Citation `HongLuoNelson2015' on page 4 undefined on input line 68
  Citation `JohnsonMooreYlvisaker1990' on page 3 undefined on input line 29
  Citation `LethamEtAl2019' on page 3 undefined on input line 9
  Citation `MorrisMitchell1995' on page 3 undefined on input line 31
  Citation `OPSD2020' on page 17 undefined on input line 114
  Citation `PanEtAl2024' on page 4 undefined on input line 53
  Citation `PerroneEtAl2019' on page 4 undefined on input line 55
  Citation `PoloczekWangFrazier2016' on page 4 undefined on input line 57
  Citation `RamsaySilverman2005' on page 3 undefined on input line 21
  Citation `RothfussEtAl2021' on page 4 undefined on input line 53
  Citation `RothfussEtAl2021FPACOH' on page 4 undefined on input line 53
  Citation `RothfussEtAl2023' on page 4 undefined on input line 53
  Citation `TighineanuEtAl2022' on page 4 undefined on input line 53
  Citation `VienEtAl2018' on page 3 undefined on input line 19
  Citation `VolppEtAl2020' on page 4 undefined on input line 53
  Citation `WangEtAl2024HyperBO' on page 4 undefined on input line 53
  Citation `WistubaEtAl2015' on page 4 undefined on input line 40
  Citation `WistubaGrabocka2021' on page 4 undefined on input line 53
  Citation `WolpertMacready1997' on page 4 undefined on input line 80
  Reference `ass:alignment' on page 12 undefined on input line 184
  Reference `ass:alignment' on page 15 undefined on input line 294
  Reference `eq:projection-cover' on page 10 undefined on input line 77
  Reference `eq:projection-cover' on page 12 undefined on input line 183
  Reference `eq:task-law-bound' on page 14 undefined on input line 244
  Reference `fig:cost-results' on page 22 undefined on input line 157
  Reference `fig:coverage-geometry' on page 13 undefined on input line 200
  Reference `fig:method-overview' on page 2 undefined on input line 33
  Reference `fig:primary-results' on page 18 undefined on input line 5
  Reference `fig:regime-results' on page 20 undefined on input line 76
  Reference `fig:verifier-power' on page 23 undefined on input line 225
  Reference `prop:coefficient-stability' on page 9 undefined on input line 5
  Reference `prop:design-stability' on page 15 undefined on input line 291
  Reference `prop:rank-recovery' on page 11 undefined on input line 113
  Reference `prop:rank-recovery' on page 11 undefined on input line 131
  Reference `prop:rank-recovery' on page 9 undefined on input line 9
  Reference `sec:experiments' on page 26 undefined on input line 4
  Reference `sec:results' on page 15 undefined on input line 279
  Reference `tab:confirmation' on page 20 undefined on input line 51
  Reference `tab:energy-results' on page 23 undefined on input line 196
  Reference `tab:equal-cost' on page 22 undefined on input line 169
  Reference `tab:outcome-adjusted-cost' on page 22 undefined on input line 185
  Reference `tab:outcome-adjusted-cost' on page 25 undefined on input line 65
  Reference `tab:primary-results' on page 18 undefined on input line 5
  Reference `tab:regime-results' on page 20 undefined on input line 75
  Reference `tab:schema-results' on page 21 undefined on input line 128
  Reference `tab:stress-regimes' on page 16 undefined on input line 14
  Reference `thm:aligned-coverage' on page 9 undefined on input line 10
  Reference `thm:farthest-first' on page 9 undefined on input line 7
  Reference `thm:verifier' on page 9 undefined on input line 13
Latexmk: Examining 'main.log'
=== TeX engine is 'pdfTeX'
Latexmk: Found bibliography file(s) [references.bib]
Rule 'bibtex main': File changes, etc:
   Changed files, or newly in use since previous run(s):
      'main.aux'
------------
Run number 1 of rule 'bibtex main'
------------
------------
Running 'bibtex  "main.aux"'
------------
Latexmk: applying rule 'bibtex main'...
This is BibTeX, Version 0.99d (TeX Live 2022/dev/Debian)
The top-level auxiliary file: main.aux
The style file: informs2014.bst
Database file #1: references.bib
Rule 'pdflatex': File changes, etc:
   Changed files, or newly in use since previous run(s):
      'main.aux'
      'main.out'
------------
Run number 2 of rule 'pdflatex'
------------
------------
Running 'pdflatex  -interaction=nonstopmode -halt-on-error -recorder  "main.tex"'
------------
Latexmk: applying rule 'pdflatex'...
This is pdfTeX, Version 3.141592653-2.6-1.40.22 (TeX Live 2022/dev/Debian) (preloaded format=pdflatex)
 restricted \write18 enabled.
entering extended mode
(./main.tex
LaTeX2e <2021-11-15> patch level 1
L3 programming layer <2022-01-21> (./informs4.cls
Document Class: informs4 2024/06/03 v1.02 LaTeX document class for articles sub
mitted to INFORMS
(/usr/share/texlive/texmf-dist/tex/latex/amsfonts/amsfonts.sty)
(/usr/share/texlive/texmf-dist/tex/latex/amsmath/amsmath.sty
For additional information on amsmath, use the `?' option.
(/usr/share/texlive/texmf-dist/tex/latex/amsmath/amstext.sty
(/usr/share/texlive/texmf-dist/tex/latex/amsmath/amsgen.sty))
(/usr/share/texlive/texmf-dist/tex/latex/amsmath/amsbsy.sty)
(/usr/share/texlive/texmf-dist/tex/latex/amsmath/amsopn.sty))
(/usr/share/texlive/texmf-dist/tex/latex/amsfonts/amssymb.sty)
(/usr/share/texlive/texmf-dist/tex/latex/base/ifthen.sty)
(/usr/share/texlive/texmf-dist/tex/latex/url/url.sty)
(/usr/share/texlive/texmf-dist/tex/latex/graphics/graphicx.sty
(/usr/share/texlive/texmf-dist/tex/latex/graphics/keyval.sty)
(/usr/share/texlive/texmf-dist/tex/latex/graphics/graphics.sty
(/usr/share/texlive/texmf-dist/tex/latex/graphics/trig.sty)
(/usr/share/texlive/texmf-dist/tex/latex/graphics-cfg/graphics.cfg)
(/usr/share/texlive/texmf-dist/tex/latex/graphics-def/pdftex.def)))
(/usr/share/texlive/texmf-dist/tex/latex/graphics/color.sty
(/usr/share/texlive/texmf-dist/tex/latex/graphics-cfg/color.cfg))
(/usr/share/texlive/texmf-dist/tex/latex/tools/array.sty)
(/usr/share/texlive/texmf-dist/tex/latex/tools/theorem.sty
(/usr/share/texlive/texmf-dist/tex/latex/tools/thp.sty))
(/usr/share/texlive/texmf-dist/tex/latex/psnfss/ot1ptm.fd))
(/usr/share/texmf/tex/latex/tex-gyre/tgtermes.sty
(/usr/share/texlive/texmf-dist/tex/latex/kvoptions/kvoptions.sty
(/usr/share/texlive/texmf-dist/tex/generic/ltxcmds/ltxcmds.sty)
(/usr/share/texlive/texmf-dist/tex/generic/kvsetkeys/kvsetkeys.sty)))
(/usr/share/texlive/texmf-dist/tex/latex/newtx/newtxtext.sty
`newtxtext' v1.705, 2022/01/11 Text macros taking advantage of TeXGyre Termes a
nd its extensions (msharpe)
(/usr/share/texlive/texmf-dist/tex/latex/base/fontenc.sty
(/usr/share/texmf/tex/latex/tex-gyre/t1qtm.fd))
(/usr/share/texlive/texmf-dist/tex/generic/iftex/ifxetex.sty
(/usr/share/texlive/texmf-dist/tex/generic/iftex/iftex.sty))
(/usr/share/texlive/texmf-dist/tex/generic/iftex/ifluatex.sty)
(/usr/share/texlive/texmf-dist/tex/latex/xkeyval/xkeyval.sty
(/usr/share/texlive/texmf-dist/tex/generic/xkeyval/xkeyval.tex
(/usr/share/texlive/texmf-dist/tex/generic/xkeyval/xkvutils.tex)))
(/usr/share/texlive/texmf-dist/tex/latex/etoolbox/etoolbox.sty)
(/usr/share/texlive/texmf-dist/tex/latex/base/textcomp.sty)
(/usr/share/texlive/texmf-dist/tex/generic/xstring/xstring.sty
(/usr/share/texlive/texmf-dist/tex/generic/xstring/xstring.tex))
(/usr/share/texlive/texmf-dist/tex/latex/carlisle/scalefnt.sty)
(/usr/share/texlive/texmf-dist/tex/generic/kastrup/binhex.tex)
(/usr/share/texlive/texmf-dist/tex/latex/fontaxes/fontaxes.sty))
(/usr/share/texlive/texmf-dist/tex/latex/newtx/newtxmath.sty
`newtxmath' v1.7, 2021/12/18 Math macros based originally on txfonts (msharpe)
(/usr/share/texlive/texmf-dist/tex/latex/oberdiek/centernot.sty)
(/usr/share/texlive/texmf-dist/tex/generic/kastrup/binhex.tex)
amsthm NOT loaded
) (/usr/share/texlive/texmf-dist/tex/latex/tools/bm.sty)
(/usr/share/texlive/texmf-dist/tex/latex/endnotes/endnotes.sty)
(/usr/share/texlive/texmf-dist/tex/latex/mathtools/mathtools.sty
(/usr/share/texlive/texmf-dist/tex/latex/tools/calc.sty)
(/usr/share/texlive/texmf-dist/tex/latex/mathtools/mhsetup.sty))
(/usr/share/texlive/texmf-dist/tex/latex/booktabs/booktabs.sty)
(/usr/share/texlive/texmf-dist/tex/latex/multirow/multirow.sty)
(/usr/share/texlive/texmf-dist/tex/latex/microtype/microtype.sty
(/usr/share/texlive/texmf-dist/tex/latex/microtype/microtype-pdftex.def)
(/usr/share/texlive/texmf-dist/tex/latex/microtype/microtype.cfg))
(/usr/share/texlive/texmf-dist/tex/latex/placeins/placeins.sty)
(/usr/share/texlive/texmf-dist/tex/latex/overpic/overpic.sty
(/usr/share/texlive/texmf-dist/tex/latex/eepic/epic.sty
Enhancements to Picture Environment. Version 1.2 - Released June 1, 1986
)) (/usr/share/texlive/texmf-dist/tex/latex/natbib/natbib.sty)
(/usr/share/texlive/texmf-dist/tex/latex/hyperref/hyperref.sty
(/usr/share/texlive/texmf-dist/tex/generic/pdftexcmds/pdftexcmds.sty
(/usr/share/texlive/texmf-dist/tex/generic/infwarerr/infwarerr.sty))
(/usr/share/texlive/texmf-dist/tex/generic/kvdefinekeys/kvdefinekeys.sty)
(/usr/share/texlive/texmf-dist/tex/generic/pdfescape/pdfescape.sty)
(/usr/share/texlive/texmf-dist/tex/latex/hycolor/hycolor.sty)
(/usr/share/texlive/texmf-dist/tex/latex/letltxmacro/letltxmacro.sty)
(/usr/share/texlive/texmf-dist/tex/latex/auxhook/auxhook.sty)
(/usr/share/texlive/texmf-dist/tex/latex/hyperref/pd1enc.def)
(/usr/share/texlive/texmf-dist/tex/latex/hyperref/hyperref-langpatches.def)
(/usr/share/texlive/texmf-dist/tex/generic/intcalc/intcalc.sty)
(/usr/share/texlive/texmf-dist/tex/generic/etexcmds/etexcmds.sty)
(/usr/share/texlive/texmf-dist/tex/latex/hyperref/puenc.def)
(/usr/share/texlive/texmf-dist/tex/generic/bitset/bitset.sty
(/usr/share/texlive/texmf-dist/tex/generic/bigintcalc/bigintcalc.sty))
(/usr/share/texlive/texmf-dist/tex/latex/base/atbegshi-ltx.sty))
(/usr/share/texlive/texmf-dist/tex/latex/hyperref/hpdftex.def
(/usr/share/texlive/texmf-dist/tex/latex/base/atveryend-ltx.sty)
(/usr/share/texlive/texmf-dist/tex/latex/rerunfilecheck/rerunfilecheck.sty
(/usr/share/texlive/texmf-dist/tex/generic/uniquecounter/uniquecounter.sty)))
(/usr/share/texlive/texmf-dist/tex/latex/newtx/t1ntxtlf.fd)
(/usr/share/texlive/texmf-dist/tex/latex/l3backend/l3backend-pdftex.def)
(./main.aux) (/usr/share/texlive/texmf-dist/tex/latex/newtx/omlntxmi.fd)
(/usr/share/texlive/texmf-dist/tex/latex/newtx/untxexa.fd)
(/usr/share/texlive/texmf-dist/tex/latex/newtx/lmsntxsy.fd)
(/usr/share/texlive/texmf-dist/tex/latex/newtx/lmxntxexx.fd)
(/usr/share/texlive/texmf-dist/tex/context/base/mkii/supp-pdf.mkii
[Loading MPS to PDF converter (version 2006.09.02).]
) (/usr/share/texlive/texmf-dist/tex/latex/epstopdf-pkg/epstopdf-base.sty
(/usr/share/texlive/texmf-dist/tex/latex/latexconfig/epstopdf-sys.cfg))
(/usr/share/texlive/texmf-dist/tex/latex/microtype/mt-ptm.cfg)
(/usr/share/texlive/texmf-dist/tex/latex/hyperref/nameref.sty
(/usr/share/texlive/texmf-dist/tex/latex/refcount/refcount.sty)
(/usr/share/texlive/texmf-dist/tex/generic/gettitlestring/gettitlestring.sty))
(./main.out) (./main.out) (/usr/share/texmf/tex/latex/tex-gyre/t1qhv.fd)
(/usr/share/texlive/texmf-dist/tex/latex/newtx/ot1ntxtlf.fd)
(/usr/share/texlive/texmf-dist/tex/latex/amsfonts/umsa.fd)
(/usr/share/texlive/texmf-dist/tex/latex/microtype/mt-msa.cfg)
(/usr/share/texlive/texmf-dist/tex/latex/amsfonts/umsb.fd)
(/usr/share/texlive/texmf-dist/tex/latex/microtype/mt-msb.cfg)
(/usr/share/texlive/texmf-dist/tex/latex/microtype/mt-cmr.cfg)

LaTeX Font Warning: Font shape `OT1/cmr/bx/n' in size <5.5> not available
(Font)              size <5> substituted on input line 110.


LaTeX Font Warning: Font shape `OML/cmm/b/it' in size <5.5> not available
(Font)              size <5> substituted on input line 110.


LaTeX Font Warning: Font shape `OMS/cmsy/b/n' in size <5.5> not available
(Font)              size <5> substituted on input line 110.

(/usr/share/texlive/texmf-dist/tex/latex/newtx/untxmia.fd)
(/usr/share/texlive/texmf-dist/tex/latex/newtx/untxsym.fd)
(/usr/share/texlive/texmf-dist/tex/latex/newtx/untxsyc.fd)
(./sections/01_introduction.tex [1{/home/erzhu419/.texlive2021/texmf-var/fonts/
map/pdftex/updmap/pdftex.map} <./informs_Logo.pdf>] [2 <./figures//figure1_prof
ile_space.pdf>]) (./sections/02_literature.tex [3]) (./sections/03_problem.tex
[4] [5]) (./sections/04_atlas.tex
(/usr/share/texlive/texmf-dist/tex/latex/newtx/ts1ntxtlf.fd) [6] [7] [8])
(./sections/05_theory.tex [9] [10] [11] [12] [13]
(/usr/share/texlive/texmf-dist/tex/latex/newtx/t1ntxtt.fd) [14 <./figures//figu
re2_atlas_coverage.pdf>]) (./sections/06_experiments.tex [15] [16] [17])
(./sections/07_results.tex [18] [19 <./figures//review_primary.pdf>] [20]
[21 <./figures//review_regime.pdf>] [22 <./figures//review_cost.pdf>])
(./sections/08_discussion.tex [23] [24 <./figures//review_verifier_power.pdf>])
(./sections/09_conclusion.tex [25]) (./sections/10_disclosure.tex) [26]
(./main.bbl [27] [28]) [29] (./sections/submission_tables.tex
(./tables/review_stress_primary.tex) (./tables/review_confirmation.tex)
(./tables/review_stress_regimes.tex) (./tables/review_schema_controls.tex)
(./tables/review_equal_cost.tex) (./tables/review_outcome_adjusted_cost.tex)
(./tables/review_energy_v3.tex)) [30] [31] [32] (./main.aux)

LaTeX Font Warning: Size substitutions with differences
(Font)              up to 1.64499pt have occurred.


LaTeX Warning: Label(s) may have changed. Rerun to get cross-references right.

 ){/usr/share/texmf/fonts/enc/dvips/tex-gyre/q-ec-sc.enc}{/usr/share/texmf/font
s/enc/dvips/tex-gyre/q-ts1.enc}{/usr/share/texlive/texmf-dist/fonts/enc/dvips/n
ewtx/ntx-ot1-tlf.enc}{/usr/share/texlive/texmf-dist/fonts/enc/dvips/newtx/ntx-e
c-tlf.enc}{/usr/share/texmf/fonts/enc/dvips/tex-gyre/q-ec.enc}</usr/share/texli
ve/texmf-dist/fonts/type1/public/newtx/NewTXMI.pfb></usr/share/texlive/texmf-di
st/fonts/type1/public/newtx/NewTXMI5.pfb></usr/share/texlive/texmf-dist/fonts/t
ype1/public/newtx/NewTXMI7.pfb></usr/share/texmf/fonts/type1/public/tex-gyre/qh
vb.pfb></usr/share/texmf/fonts/type1/public/tex-gyre/qhvbi.pfb></usr/share/texm
f/fonts/type1/public/tex-gyre/qhvr.pfb></usr/share/texmf/fonts/type1/public/tex
-gyre/qtmr.pfb></usr/share/texlive/texmf-dist/fonts/type1/public/txfonts/t1xtt.
pfb></usr/share/texlive/texmf-dist/fonts/type1/public/newtx/txexs.pfb></usr/sha
re/texlive/texmf-dist/fonts/type1/public/newtx/txmiaX.pfb></usr/share/texlive/t
exmf-dist/fonts/type1/public/txfonts/txsyb.pfb></usr/share/texlive/texmf-dist/f
onts/type1/public/newtx/txsys.pfb></usr/share/texlive/texmf-dist/fonts/type1/pu
blic/newtx/ztmb.pfb></usr/share/texlive/texmf-dist/fonts/type1/public/newtx/ztm
r.pfb></usr/share/texlive/texmf-dist/fonts/type1/public/newtx/ztmri.pfb>
Output written on main.pdf (32 pages, 1468571 bytes).
Transcript written on main.log.
Latexmk: Found input bbl file 'main.bbl'
Latexmk: References changed.
Latexmk: Log file says output to 'main.pdf'
Latexmk: Examining 'main.log'
=== TeX engine is 'pdfTeX'
Latexmk: Found bibliography file(s) [references.bib]
Rule 'bibtex main': File changes, etc:
   Changed files, or newly in use since previous run(s):
      'main.aux'
------------
Run number 2 of rule 'bibtex main'
------------
------------
Running 'bibtex  "main.aux"'
------------
Latexmk: applying rule 'bibtex main'...
This is BibTeX, Version 0.99d (TeX Live 2022/dev/Debian)
The top-level auxiliary file: main.aux
The style file: informs2014.bst
Database file #1: references.bib
Rule 'pdflatex': File changes, etc:
   Changed files, or newly in use since previous run(s):
      'main.aux'
------------
Run number 3 of rule 'pdflatex'
------------
------------
Running 'pdflatex  -interaction=nonstopmode -halt-on-error -recorder  "main.tex"'
------------
Latexmk: applying rule 'pdflatex'...
This is pdfTeX, Version 3.141592653-2.6-1.40.22 (TeX Live 2022/dev/Debian) (preloaded format=pdflatex)
 restricted \write18 enabled.
entering extended mode
(./main.tex
LaTeX2e <2021-11-15> patch level 1
L3 programming layer <2022-01-21> (./informs4.cls
Document Class: informs4 2024/06/03 v1.02 LaTeX document class for articles sub
mitted to INFORMS
(/usr/share/texlive/texmf-dist/tex/latex/amsfonts/amsfonts.sty)
(/usr/share/texlive/texmf-dist/tex/latex/amsmath/amsmath.sty
For additional information on amsmath, use the `?' option.
(/usr/share/texlive/texmf-dist/tex/latex/amsmath/amstext.sty
(/usr/share/texlive/texmf-dist/tex/latex/amsmath/amsgen.sty))
(/usr/share/texlive/texmf-dist/tex/latex/amsmath/amsbsy.sty)
(/usr/share/texlive/texmf-dist/tex/latex/amsmath/amsopn.sty))
(/usr/share/texlive/texmf-dist/tex/latex/amsfonts/amssymb.sty)
(/usr/share/texlive/texmf-dist/tex/latex/base/ifthen.sty)
(/usr/share/texlive/texmf-dist/tex/latex/url/url.sty)
(/usr/share/texlive/texmf-dist/tex/latex/graphics/graphicx.sty
(/usr/share/texlive/texmf-dist/tex/latex/graphics/keyval.sty)
(/usr/share/texlive/texmf-dist/tex/latex/graphics/graphics.sty
(/usr/share/texlive/texmf-dist/tex/latex/graphics/trig.sty)
(/usr/share/texlive/texmf-dist/tex/latex/graphics-cfg/graphics.cfg)
(/usr/share/texlive/texmf-dist/tex/latex/graphics-def/pdftex.def)))
(/usr/share/texlive/texmf-dist/tex/latex/graphics/color.sty
(/usr/share/texlive/texmf-dist/tex/latex/graphics-cfg/color.cfg))
(/usr/share/texlive/texmf-dist/tex/latex/tools/array.sty)
(/usr/share/texlive/texmf-dist/tex/latex/tools/theorem.sty
(/usr/share/texlive/texmf-dist/tex/latex/tools/thp.sty))
(/usr/share/texlive/texmf-dist/tex/latex/psnfss/ot1ptm.fd))
(/usr/share/texmf/tex/latex/tex-gyre/tgtermes.sty
(/usr/share/texlive/texmf-dist/tex/latex/kvoptions/kvoptions.sty
(/usr/share/texlive/texmf-dist/tex/generic/ltxcmds/ltxcmds.sty)
(/usr/share/texlive/texmf-dist/tex/generic/kvsetkeys/kvsetkeys.sty)))
(/usr/share/texlive/texmf-dist/tex/latex/newtx/newtxtext.sty
`newtxtext' v1.705, 2022/01/11 Text macros taking advantage of TeXGyre Termes a
nd its extensions (msharpe)
(/usr/share/texlive/texmf-dist/tex/latex/base/fontenc.sty
(/usr/share/texmf/tex/latex/tex-gyre/t1qtm.fd))
(/usr/share/texlive/texmf-dist/tex/generic/iftex/ifxetex.sty
(/usr/share/texlive/texmf-dist/tex/generic/iftex/iftex.sty))
(/usr/share/texlive/texmf-dist/tex/generic/iftex/ifluatex.sty)
(/usr/share/texlive/texmf-dist/tex/latex/xkeyval/xkeyval.sty
(/usr/share/texlive/texmf-dist/tex/generic/xkeyval/xkeyval.tex
(/usr/share/texlive/texmf-dist/tex/generic/xkeyval/xkvutils.tex)))
(/usr/share/texlive/texmf-dist/tex/latex/etoolbox/etoolbox.sty)
(/usr/share/texlive/texmf-dist/tex/latex/base/textcomp.sty)
(/usr/share/texlive/texmf-dist/tex/generic/xstring/xstring.sty
(/usr/share/texlive/texmf-dist/tex/generic/xstring/xstring.tex))
(/usr/share/texlive/texmf-dist/tex/latex/carlisle/scalefnt.sty)
(/usr/share/texlive/texmf-dist/tex/generic/kastrup/binhex.tex)
(/usr/share/texlive/texmf-dist/tex/latex/fontaxes/fontaxes.sty))
(/usr/share/texlive/texmf-dist/tex/latex/newtx/newtxmath.sty
`newtxmath' v1.7, 2021/12/18 Math macros based originally on txfonts (msharpe)
(/usr/share/texlive/texmf-dist/tex/latex/oberdiek/centernot.sty)
(/usr/share/texlive/texmf-dist/tex/generic/kastrup/binhex.tex)
amsthm NOT loaded
) (/usr/share/texlive/texmf-dist/tex/latex/tools/bm.sty)
(/usr/share/texlive/texmf-dist/tex/latex/endnotes/endnotes.sty)
(/usr/share/texlive/texmf-dist/tex/latex/mathtools/mathtools.sty
(/usr/share/texlive/texmf-dist/tex/latex/tools/calc.sty)
(/usr/share/texlive/texmf-dist/tex/latex/mathtools/mhsetup.sty))
(/usr/share/texlive/texmf-dist/tex/latex/booktabs/booktabs.sty)
(/usr/share/texlive/texmf-dist/tex/latex/multirow/multirow.sty)
(/usr/share/texlive/texmf-dist/tex/latex/microtype/microtype.sty
(/usr/share/texlive/texmf-dist/tex/latex/microtype/microtype-pdftex.def)
(/usr/share/texlive/texmf-dist/tex/latex/microtype/microtype.cfg))
(/usr/share/texlive/texmf-dist/tex/latex/placeins/placeins.sty)
(/usr/share/texlive/texmf-dist/tex/latex/overpic/overpic.sty
(/usr/share/texlive/texmf-dist/tex/latex/eepic/epic.sty
Enhancements to Picture Environment. Version 1.2 - Released June 1, 1986
)) (/usr/share/texlive/texmf-dist/tex/latex/natbib/natbib.sty)
(/usr/share/texlive/texmf-dist/tex/latex/hyperref/hyperref.sty
(/usr/share/texlive/texmf-dist/tex/generic/pdftexcmds/pdftexcmds.sty
(/usr/share/texlive/texmf-dist/tex/generic/infwarerr/infwarerr.sty))
(/usr/share/texlive/texmf-dist/tex/generic/kvdefinekeys/kvdefinekeys.sty)
(/usr/share/texlive/texmf-dist/tex/generic/pdfescape/pdfescape.sty)
(/usr/share/texlive/texmf-dist/tex/latex/hycolor/hycolor.sty)
(/usr/share/texlive/texmf-dist/tex/latex/letltxmacro/letltxmacro.sty)
(/usr/share/texlive/texmf-dist/tex/latex/auxhook/auxhook.sty)
(/usr/share/texlive/texmf-dist/tex/latex/hyperref/pd1enc.def)
(/usr/share/texlive/texmf-dist/tex/latex/hyperref/hyperref-langpatches.def)
(/usr/share/texlive/texmf-dist/tex/generic/intcalc/intcalc.sty)
(/usr/share/texlive/texmf-dist/tex/generic/etexcmds/etexcmds.sty)
(/usr/share/texlive/texmf-dist/tex/latex/hyperref/puenc.def)
(/usr/share/texlive/texmf-dist/tex/generic/bitset/bitset.sty
(/usr/share/texlive/texmf-dist/tex/generic/bigintcalc/bigintcalc.sty))
(/usr/share/texlive/texmf-dist/tex/latex/base/atbegshi-ltx.sty))
(/usr/share/texlive/texmf-dist/tex/latex/hyperref/hpdftex.def
(/usr/share/texlive/texmf-dist/tex/latex/base/atveryend-ltx.sty)
(/usr/share/texlive/texmf-dist/tex/latex/rerunfilecheck/rerunfilecheck.sty
(/usr/share/texlive/texmf-dist/tex/generic/uniquecounter/uniquecounter.sty)))
(/usr/share/texlive/texmf-dist/tex/latex/newtx/t1ntxtlf.fd)
(/usr/share/texlive/texmf-dist/tex/latex/l3backend/l3backend-pdftex.def)
(./main.aux) (/usr/share/texlive/texmf-dist/tex/latex/newtx/omlntxmi.fd)
(/usr/share/texlive/texmf-dist/tex/latex/newtx/untxexa.fd)
(/usr/share/texlive/texmf-dist/tex/latex/newtx/lmsntxsy.fd)
(/usr/share/texlive/texmf-dist/tex/latex/newtx/lmxntxexx.fd)
(/usr/share/texlive/texmf-dist/tex/context/base/mkii/supp-pdf.mkii
[Loading MPS to PDF converter (version 2006.09.02).]
) (/usr/share/texlive/texmf-dist/tex/latex/epstopdf-pkg/epstopdf-base.sty
(/usr/share/texlive/texmf-dist/tex/latex/latexconfig/epstopdf-sys.cfg))
(/usr/share/texlive/texmf-dist/tex/latex/microtype/mt-ptm.cfg)
(/usr/share/texlive/texmf-dist/tex/latex/hyperref/nameref.sty
(/usr/share/texlive/texmf-dist/tex/latex/refcount/refcount.sty)
(/usr/share/texlive/texmf-dist/tex/generic/gettitlestring/gettitlestring.sty))
(./main.out) (./main.out) (/usr/share/texmf/tex/latex/tex-gyre/t1qhv.fd)
(/usr/share/texlive/texmf-dist/tex/latex/newtx/ot1ntxtlf.fd)
(/usr/share/texlive/texmf-dist/tex/latex/amsfonts/umsa.fd)
(/usr/share/texlive/texmf-dist/tex/latex/microtype/mt-msa.cfg)
(/usr/share/texlive/texmf-dist/tex/latex/amsfonts/umsb.fd)
(/usr/share/texlive/texmf-dist/tex/latex/microtype/mt-msb.cfg)
(/usr/share/texlive/texmf-dist/tex/latex/microtype/mt-cmr.cfg)

LaTeX Font Warning: Font shape `OT1/cmr/bx/n' in size <5.5> not available
(Font)              size <5> substituted on input line 110.


LaTeX Font Warning: Font shape `OML/cmm/b/it' in size <5.5> not available
(Font)              size <5> substituted on input line 110.


LaTeX Font Warning: Font shape `OMS/cmsy/b/n' in size <5.5> not available
(Font)              size <5> substituted on input line 110.

(/usr/share/texlive/texmf-dist/tex/latex/newtx/untxmia.fd)
(/usr/share/texlive/texmf-dist/tex/latex/newtx/untxsym.fd)
(/usr/share/texlive/texmf-dist/tex/latex/newtx/untxsyc.fd)
(./sections/01_introduction.tex [1{/home/erzhu419/.texlive2021/texmf-var/fonts/
map/pdftex/updmap/pdftex.map} <./informs_Logo.pdf>] [2 <./figures//figure1_prof
ile_space.pdf>]) (./sections/02_literature.tex [3]) (./sections/03_problem.tex
[4] [5]) (./sections/04_atlas.tex
(/usr/share/texlive/texmf-dist/tex/latex/newtx/ts1ntxtlf.fd) [6] [7] [8])
(./sections/05_theory.tex [9] [10] [11] [12] [13]
(/usr/share/texlive/texmf-dist/tex/latex/newtx/t1ntxtt.fd) [14 <./figures//figu
re2_atlas_coverage.pdf>]) (./sections/06_experiments.tex [15] [16] [17])
(./sections/07_results.tex [18] [19 <./figures//review_primary.pdf>] [20]
[21 <./figures//review_regime.pdf>] [22 <./figures//review_cost.pdf>])
(./sections/08_discussion.tex [23] [24 <./figures//review_verifier_power.pdf>])
(./sections/09_conclusion.tex [25]) (./sections/10_disclosure.tex) [26]
(./main.bbl [27] [28]) [29] (./sections/submission_tables.tex
(./tables/review_stress_primary.tex) (./tables/review_confirmation.tex)
(./tables/review_stress_regimes.tex) (./tables/review_schema_controls.tex)
(./tables/review_equal_cost.tex) (./tables/review_outcome_adjusted_cost.tex)
(./tables/review_energy_v3.tex)) [30] [31] [32] (./main.aux)

LaTeX Font Warning: Size substitutions with differences
(Font)              up to 1.64499pt have occurred.

 ){/usr/share/texmf/fonts/enc/dvips/tex-gyre/q-ec-sc.enc}{/usr/share/texmf/font
s/enc/dvips/tex-gyre/q-ts1.enc}{/usr/share/texlive/texmf-dist/fonts/enc/dvips/n
ewtx/ntx-ot1-tlf.enc}{/usr/share/texlive/texmf-dist/fonts/enc/dvips/newtx/ntx-e
c-tlf.enc}{/usr/share/texmf/fonts/enc/dvips/tex-gyre/q-ec.enc}</usr/share/texli
ve/texmf-dist/fonts/type1/public/newtx/NewTXMI.pfb></usr/share/texlive/texmf-di
st/fonts/type1/public/newtx/NewTXMI5.pfb></usr/share/texlive/texmf-dist/fonts/t
ype1/public/newtx/NewTXMI7.pfb></usr/share/texmf/fonts/type1/public/tex-gyre/qh
vb.pfb></usr/share/texmf/fonts/type1/public/tex-gyre/qhvbi.pfb></usr/share/texm
f/fonts/type1/public/tex-gyre/qhvr.pfb></usr/share/texmf/fonts/type1/public/tex
-gyre/qtmr.pfb></usr/share/texlive/texmf-dist/fonts/type1/public/txfonts/t1xtt.
pfb></usr/share/texlive/texmf-dist/fonts/type1/public/newtx/txexs.pfb></usr/sha
re/texlive/texmf-dist/fonts/type1/public/newtx/txmiaX.pfb></usr/share/texlive/t
exmf-dist/fonts/type1/public/txfonts/txsyb.pfb></usr/share/texlive/texmf-dist/f
onts/type1/public/newtx/txsys.pfb></usr/share/texlive/texmf-dist/fonts/type1/pu
blic/newtx/ztmb.pfb></usr/share/texlive/texmf-dist/fonts/type1/public/newtx/ztm
r.pfb></usr/share/texlive/texmf-dist/fonts/type1/public/newtx/ztmri.pfb>
Output written on main.pdf (32 pages, 1468571 bytes).
Transcript written on main.log.
Latexmk: Found input bbl file 'main.bbl'
Latexmk: Log file says output to 'main.pdf'
Latexmk: Examining 'main.log'
=== TeX engine is 'pdfTeX'
Latexmk: Found bibliography file(s) [references.bib]
Latexmk: All targets (main.pdf) are up-to-date
