Collecting numpy==2.2.6
  Downloading numpy-2.2.6-cp310-cp310-manylinux_2_17_x86_64.manylinux2014_x86_64.whl (16.8 MB)
     ━━━━━━━━━━━━━━━━━━━━━━━━━━━━━━━━━━━━━━━━ 16.8/16.8 MB 28.4 MB/s eta 0:00:00
Collecting scipy==1.15.3
  Downloading scipy-1.15.3-cp310-cp310-manylinux_2_17_x86_64.manylinux2014_x86_64.whl (37.7 MB)
     ━━━━━━━━━━━━━━━━━━━━━━━━━━━━━━━━━━━━━━━━ 37.7/37.7 MB 20.9 MB/s eta 0:00:00
Collecting pandas==2.3.1
  Downloading pandas-2.3.1-cp310-cp310-manylinux_2_17_x86_64.manylinux2014_x86_64.whl (12.3 MB)
     ━━━━━━━━━━━━━━━━━━━━━━━━━━━━━━━━━━━━━━━━ 12.3/12.3 MB 31.1 MB/s eta 0:00:00
Collecting scikit-learn==1.7.2
  Downloading scikit_learn-1.7.2-cp310-cp310-manylinux2014_x86_64.manylinux_2_17_x86_64.whl (9.7 MB)
     ━━━━━━━━━━━━━━━━━━━━━━━━━━━━━━━━━━━━━━━━ 9.7/9.7 MB 40.7 MB/s eta 0:00:00
Collecting pymoo==0.6.1.6
  Downloading pymoo-0.6.1.6-cp310-cp310-manylinux_2_24_x86_64.manylinux_2_28_x86_64.whl (5.0 MB)
     ━━━━━━━━━━━━━━━━━━━━━━━━━━━━━━━━━━━━━━━━ 5.0/5.0 MB 2.5 MB/s eta 0:00:00
Collecting matplotlib==3.10.5
  Downloading matplotlib-3.10.5-cp310-cp310-manylinux2014_x86_64.manylinux_2_17_x86_64.whl (8.7 MB)
     ━━━━━━━━━━━━━━━━━━━━━━━━━━━━━━━━━━━━━━━━ 8.7/8.7 MB 32.6 MB/s eta 0:00:00
Collecting tqdm==4.67.3
  Downloading tqdm-4.67.3-py3-none-any.whl (78 kB)
     ━━━━━━━━━━━━━━━━━━━━━━━━━━━━━━━━━━━━━━━━ 78.4/78.4 KB 7.2 MB/s eta 0:00:00
Collecting joblib==1.5.3
  Downloading joblib-1.5.3-py3-none-any.whl (309 kB)
     ━━━━━━━━━━━━━━━━━━━━━━━━━━━━━━━━━━━━━━ 309.1/309.1 KB 16.3 MB/s eta 0:00:00
Collecting pytest==9.0.3
  Downloading pytest-9.0.3-py3-none-any.whl (375 kB)
     ━━━━━━━━━━━━━━━━━━━━━━━━━━━━━━━━━━━━━━ 375.2/375.2 KB 18.7 MB/s eta 0:00:00
Collecting requests==2.33.1
  Downloading requests-2.33.1-py3-none-any.whl (64 kB)
     ━━━━━━━━━━━━━━━━━━━━━━━━━━━━━━━━━━━━━━━━ 64.9/64.9 KB 5.8 MB/s eta 0:00:00
Collecting pytz>=2020.1
  Downloading pytz-2026.4-py2.py3-none-any.whl (506 kB)
     ━━━━━━━━━━━━━━━━━━━━━━━━━━━━━━━━━━━━━━ 506.7/506.7 KB 21.0 MB/s eta 0:00:00
Collecting tzdata>=2022.7
  Downloading tzdata-2026.4-py2.py3-none-any.whl (347 kB)
     ━━━━━━━━━━━━━━━━━━━━━━━━━━━━━━━━━━━━━━ 347.5/347.5 KB 18.2 MB/s eta 0:00:00
Collecting python-dateutil>=2.8.2
  Downloading python_dateutil-2.9.0.post0-py2.py3-none-any.whl (229 kB)
     ━━━━━━━━━━━━━━━━━━━━━━━━━━━━━━━━━━━━━━ 229.9/229.9 KB 14.5 MB/s eta 0:00:00
Collecting threadpoolctl>=3.1.0
  Downloading threadpoolctl-3.7.0-py3-none-any.whl (26 kB)
Collecting alive_progress
  Downloading alive_progress-3.3.0-py3-none-any.whl (78 kB)
     ━━━━━━━━━━━━━━━━━━━━━━━━━━━━━━━━━━━━━━━━ 78.4/78.4 KB 5.3 MB/s eta 0:00:00
Collecting Deprecated
  Downloading deprecated-1.3.1-py2.py3-none-any.whl (11 kB)
Collecting autograd>=1.4
  Downloading autograd-1.9.1-py3-none-any.whl (54 kB)
     ━━━━━━━━━━━━━━━━━━━━━━━━━━━━━━━━━━━━━━━━ 54.4/54.4 KB 2.7 MB/s eta 0:00:00
Collecting moocore>=0.1.7
  Downloading moocore-0.3.2-cp310-abi3-manylinux2014_x86_64.manylinux_2_17_x86_64.manylinux_2_28_x86_64.whl (879 kB)
     ━━━━━━━━━━━━━━━━━━━━━━━━━━━━━━━━━━━━━━ 879.5/879.5 KB 23.3 MB/s eta 0:00:00
Collecting cma>=3.2.2
  Downloading cma-4.5.0-py3-none-any.whl (347 kB)
     ━━━━━━━━━━━━━━━━━━━━━━━━━━━━━━━━━━━━━━ 347.2/347.2 KB 16.9 MB/s eta 0:00:00
Collecting pyparsing>=2.3.1
  Downloading pyparsing-3.3.3-py3-none-any.whl (126 kB)
     ━━━━━━━━━━━━━━━━━━━━━━━━━━━━━━━━━━━━━━ 126.4/126.4 KB 10.2 MB/s eta 0:00:00
Collecting kiwisolver>=1.3.1
  Downloading kiwisolver-1.5.1-cp310-cp310-manylinux_2_12_x86_64.manylinux2010_x86_64.whl (1.6 MB)
     ━━━━━━━━━━━━━━━━━━━━━━━━━━━━━━━━━━━━━━━━ 1.6/1.6 MB 22.1 MB/s eta 0:00:00
Collecting contourpy>=1.0.1
  Downloading contourpy-1.3.2-cp310-cp310-manylinux_2_17_x86_64.manylinux2014_x86_64.whl (325 kB)
     ━━━━━━━━━━━━━━━━━━━━━━━━━━━━━━━━━━━━━━ 325.0/325.0 KB 16.4 MB/s eta 0:00:00
Collecting cycler>=0.10
  Downloading cycler-0.12.1-py3-none-any.whl (8.3 kB)
Collecting fonttools>=4.22.0
  Downloading fonttools-4.65.0-cp310-cp310-manylinux2014_x86_64.manylinux_2_17_x86_64.whl (5.3 MB)
     ━━━━━━━━━━━━━━━━━━━━━━━━━━━━━━━━━━━━━━━━ 5.3/5.3 MB 26.9 MB/s eta 0:00:00
Collecting pillow>=8
  Downloading pillow-12.3.0-cp310-cp310-manylinux_2_27_x86_64.manylinux_2_28_x86_64.whl (6.9 MB)
     ━━━━━━━━━━━━━━━━━━━━━━━━━━━━━━━━━━━━━━━━ 6.9/6.9 MB 40.2 MB/s eta 0:00:00
Collecting packaging>=20.0
  Downloading packaging-26.3-py3-none-any.whl (129 kB)
     ━━━━━━━━━━━━━━━━━━━━━━━━━━━━━━━━━━━━━━ 130.0/130.0 KB 12.3 MB/s eta 0:00:00
Collecting pluggy<2,>=1.5
  Downloading pluggy-1.6.0-py3-none-any.whl (20 kB)
Collecting tomli>=1
  Downloading tomli-2.4.1-py3-none-any.whl (14 kB)
Collecting exceptiongroup>=1
  Downloading exceptiongroup-1.3.1-py3-none-any.whl (16 kB)
Collecting iniconfig>=1.0.1
  Downloading iniconfig-2.3.0-py3-none-any.whl (7.5 kB)
Collecting pygments>=2.7.2
  Downloading pygments-2.21.0-py3-none-any.whl (1.3 MB)
     ━━━━━━━━━━━━━━━━━━━━━━━━━━━━━━━━━━━━━━━━ 1.3/1.3 MB 25.3 MB/s eta 0:00:00
Collecting idna<4,>=2.5
  Downloading idna-3.20-py3-none-any.whl (69 kB)
     ━━━━━━━━━━━━━━━━━━━━━━━━━━━━━━━━━━━━━━━━ 69.6/69.6 KB 5.9 MB/s eta 0:00:00
Collecting urllib3<3,>=1.26
  Downloading urllib3-2.8.0-py3-none-any.whl (135 kB)
     ━━━━━━━━━━━━━━━━━━━━━━━━━━━━━━━━━━━━━━ 135.7/135.7 KB 10.9 MB/s eta 0:00:00
Collecting certifi>=2023.5.7
  Downloading certifi-2026.7.22-py3-none-any.whl (136 kB)
     ━━━━━━━━━━━━━━━━━━━━━━━━━━━━━━━━━━━━━━━ 137.0/137.0 KB 9.1 MB/s eta 0:00:00
Collecting charset_normalizer<4,>=2
  Downloading charset_normalizer-3.5.1-cp310-cp310-manylinux2014_x86_64.manylinux_2_17_x86_64.manylinux_2_28_x86_64.whl (261 kB)
     ━━━━━━━━━━━━━━━━━━━━━━━━━━━━━━━━━━━━━━ 261.6/261.6 KB 12.9 MB/s eta 0:00:00
Collecting typing-extensions>=4.6.0
  Using cached typing_extensions-4.16.0-py3-none-any.whl (45 kB)
Collecting cffi>=1.17.1
  Downloading cffi-2.1.1-cp310-cp310-manylinux2014_x86_64.manylinux_2_17_x86_64.whl (218 kB)
     ━━━━━━━━━━━━━━━━━━━━━━━━━━━━━━━━━━━━━━ 218.7/218.7 KB 11.6 MB/s eta 0:00:00
Collecting platformdirs
  Downloading platformdirs-4.12.2-py3-none-any.whl (32 kB)
Collecting six>=1.5
  Downloading six-1.17.0-py2.py3-none-any.whl (11 kB)
Collecting graphemeu==0.7.2
  Downloading graphemeu-0.7.2-py3-none-any.whl (22 kB)
Collecting about-time==4.2.1
  Downloading about_time-4.2.1-py3-none-any.whl (13 kB)
Collecting wrapt<3,>=1.10
  Downloading wrapt-2.5.0-cp310-cp310-manylinux1_x86_64.manylinux_2_28_x86_64.manylinux_2_5_x86_64.whl (231 kB)
     ━━━━━━━━━━━━━━━━━━━━━━━━━━━━━━━━━━━━━━ 231.1/231.1 KB 10.4 MB/s eta 0:00:00
Collecting pycparser
  Downloading pycparser-3.0-py3-none-any.whl (48 kB)
     ━━━━━━━━━━━━━━━━━━━━━━━━━━━━━━━━━━━━━━━━ 48.2/48.2 KB 3.8 MB/s eta 0:00:00
Installing collected packages: pytz, wrapt, urllib3, tzdata, typing-extensions, tqdm, tomli, threadpoolctl, six, pyparsing, pygments, pycparser, pluggy, platformdirs, pillow, packaging, numpy, kiwisolver, joblib, iniconfig, idna, graphemeu, fonttools, cycler, charset_normalizer, certifi, about-time, scipy, requests, python-dateutil, exceptiongroup, Deprecated, contourpy, cma, cffi, autograd, alive_progress, scikit-learn, pytest, pandas, moocore, matplotlib, pymoo
Successfully installed Deprecated-1.3.1 about-time-4.2.1 alive_progress-3.3.0 autograd-1.9.1 certifi-2026.7.22 cffi-2.1.1 charset_normalizer-3.5.1 cma-4.5.0 contourpy-1.3.2 cycler-0.12.1 exceptiongroup-1.3.1 fonttools-4.65.0 graphemeu-0.7.2 idna-3.20 iniconfig-2.3.0 joblib-1.5.3 kiwisolver-1.5.1 matplotlib-3.10.5 moocore-0.3.2 numpy-2.2.6 packaging-26.3 pandas-2.3.1 pillow-12.3.0 platformdirs-4.12.2 pluggy-1.6.0 pycparser-3.0 pygments-2.21.0 pymoo-0.6.1.6 pyparsing-3.3.3 pytest-9.0.3 python-dateutil-2.9.0.post0 pytz-2026.4 requests-2.33.1 scikit-learn-1.7.2 scipy-1.15.3 six-1.17.0 threadpoolctl-3.7.0 tomli-2.4.1 tqdm-4.67.3 typing-extensions-4.16.0 tzdata-2026.4 urllib3-2.8.0 wrapt-2.5.0
