ENERGY_ARCHIVES_FROZEN regions=5 markets=18
/home/erzhu419/.local/lib/python3.10/site-packages/gpytorch/distributions/multivariate_normal.py:375: NumericalWarning: Negative variance values detected. This is likely due to numerical instabilities. Rounding negative variances up to 1e-10.
  warnings.warn(
ENERGY_V4_COMPLETED 40/720
ENERGY_V4_COMPLETED 80/720
ENERGY_V4_COMPLETED 120/720
ENERGY_V4_COMPLETED 160/720
ENERGY_V4_COMPLETED 200/720
ENERGY_V4_COMPLETED 240/720
ENERGY_V4_COMPLETED 280/720
ENERGY_V4_COMPLETED 320/720
ENERGY_V4_COMPLETED 360/720
/home/erzhu419/.local/lib/python3.10/site-packages/gpytorch/distributions/multivariate_normal.py:375: NumericalWarning: Negative variance values detected. This is likely due to numerical instabilities. Rounding negative variances up to 1e-10.
  warnings.warn(
/home/erzhu419/.local/lib/python3.10/site-packages/gpytorch/distributions/multivariate_normal.py:375: NumericalWarning: Negative variance values detected. This is likely due to numerical instabilities. Rounding negative variances up to 1e-10.
  warnings.warn(
/home/erzhu419/.local/lib/python3.10/site-packages/gpytorch/distributions/multivariate_normal.py:375: NumericalWarning: Negative variance values detected. This is likely due to numerical instabilities. Rounding negative variances up to 1e-10.
  warnings.warn(
ENERGY_V4_COMPLETED 400/720
/home/erzhu419/.local/lib/python3.10/site-packages/gpytorch/distributions/multivariate_normal.py:375: NumericalWarning: Negative variance values detected. This is likely due to numerical instabilities. Rounding negative variances up to 1e-10.
  warnings.warn(
/home/erzhu419/.local/lib/python3.10/site-packages/gpytorch/distributions/multivariate_normal.py:375: NumericalWarning: Negative variance values detected. This is likely due to numerical instabilities. Rounding negative variances up to 1e-10.
  warnings.warn(
/home/erzhu419/.local/lib/python3.10/site-packages/gpytorch/distributions/multivariate_normal.py:375: NumericalWarning: Negative variance values detected. This is likely due to numerical instabilities. Rounding negative variances up to 1e-10.
  warnings.warn(
ENERGY_V4_COMPLETED 440/720
ENERGY_V4_COMPLETED 480/720
ENERGY_V4_COMPLETED 520/720
ENERGY_V4_COMPLETED 560/720
ENERGY_V4_COMPLETED 600/720
ENERGY_V4_COMPLETED 640/720
ENERGY_V4_COMPLETED 680/720
ENERGY_V4_COMPLETED 720/720
{"generic_dct_maximin": {"task_count": 90, "certified_safe": 70, "false_certificates": 0}, "natural_constant_grid": {"task_count": 90, "certified_safe": 57, "false_certificates": 0}, "random_low_frequency": {"task_count": 90, "certified_safe": 61, "false_certificates": 0}, "raw_sobol": {"task_count": 90, "certified_safe": 52, "false_certificates": 0}, "source_atlas": {"task_count": 90, "certified_safe": 60, "false_certificates": 0}, "source_greedy_portfolio": {"task_count": 90, "certified_safe": 62, "false_certificates": 0}, "standardized_generic_dct_maximin": {"task_count": 90, "certified_safe": 54, "false_certificates": 0}, "target_only_dct_space_scbo": {"task_count": 90, "certified_safe": 59, "false_certificates": 0}}
