PROFILE_GROUPS_COMPLETED 1/64
PROFILE_GROUPS_COMPLETED 2/64
PROFILE_GROUPS_COMPLETED 3/64
PROFILE_GROUPS_COMPLETED 4/64
PROFILE_GROUPS_COMPLETED 5/64
PROFILE_GROUPS_COMPLETED 6/64
PROFILE_GROUPS_COMPLETED 7/64
PROFILE_GROUPS_COMPLETED 8/64
PROFILE_GROUPS_COMPLETED 9/64
PROFILE_GROUPS_COMPLETED 10/64
PROFILE_GROUPS_COMPLETED 11/64
PROFILE_GROUPS_COMPLETED 12/64
PROFILE_GROUPS_COMPLETED 13/64
PROFILE_GROUPS_COMPLETED 14/64
PROFILE_GROUPS_COMPLETED 15/64
PROFILE_GROUPS_COMPLETED 16/64
PROFILE_GROUPS_COMPLETED 17/64
PROFILE_GROUPS_COMPLETED 18/64
PROFILE_GROUPS_COMPLETED 19/64
PROFILE_GROUPS_COMPLETED 20/64
PROFILE_GROUPS_COMPLETED 21/64
PROFILE_GROUPS_COMPLETED 22/64
PROFILE_GROUPS_COMPLETED 23/64
PROFILE_GROUPS_COMPLETED 24/64
PROFILE_GROUPS_COMPLETED 25/64
PROFILE_GROUPS_COMPLETED 26/64
PROFILE_GROUPS_COMPLETED 27/64
PROFILE_GROUPS_COMPLETED 28/64
PROFILE_GROUPS_COMPLETED 29/64
PROFILE_GROUPS_COMPLETED 30/64
PROFILE_GROUPS_COMPLETED 31/64
PROFILE_GROUPS_COMPLETED 32/64
PROFILE_GROUPS_COMPLETED 33/64
PROFILE_GROUPS_COMPLETED 34/64
PROFILE_GROUPS_COMPLETED 35/64
PROFILE_GROUPS_COMPLETED 36/64
PROFILE_GROUPS_COMPLETED 37/64
PROFILE_GROUPS_COMPLETED 38/64
PROFILE_GROUPS_COMPLETED 39/64
PROFILE_GROUPS_COMPLETED 40/64
PROFILE_GROUPS_COMPLETED 41/64
PROFILE_GROUPS_COMPLETED 42/64
PROFILE_GROUPS_COMPLETED 43/64
PROFILE_GROUPS_COMPLETED 44/64
PROFILE_GROUPS_COMPLETED 45/64
PROFILE_GROUPS_COMPLETED 46/64
PROFILE_GROUPS_COMPLETED 47/64
PROFILE_GROUPS_COMPLETED 48/64
PROFILE_GROUPS_COMPLETED 49/64
PROFILE_GROUPS_COMPLETED 50/64
PROFILE_GROUPS_COMPLETED 51/64
PROFILE_GROUPS_COMPLETED 52/64
PROFILE_GROUPS_COMPLETED 53/64
PROFILE_GROUPS_COMPLETED 54/64
PROFILE_GROUPS_COMPLETED 55/64
PROFILE_GROUPS_COMPLETED 56/64
PROFILE_GROUPS_COMPLETED 57/64
PROFILE_GROUPS_COMPLETED 58/64
PROFILE_GROUPS_COMPLETED 59/64
PROFILE_GROUPS_COMPLETED 60/64
PROFILE_GROUPS_COMPLETED 61/64
PROFILE_GROUPS_COMPLETED 62/64
PROFILE_GROUPS_COMPLETED 63/64
PROFILE_GROUPS_COMPLETED 64/64
{"study": "attribution", "dimension": 200, "library_size": 64, "paired": [{"comparator": "medoid_augmented", "paired_task_count": 160, "fixed_strata": 8, "endpoints": {"certified_true_feasible": {"source_minus_control": 0.1625, "paired_bootstrap_95ci": [0.12484375000000011, 0.20625]}, "initial_design_contains_true_feasible": {"source_minus_control": 0.10625, "paired_bootstrap_95ci": [0.0875, 0.125]}, "penalized_loss": {"source_minus_control": -0.11107569536434385, "paired_bootstrap_95ci": [-0.12835325720928734, -0.09230093118385653]}}}, {"comparator": "source_best_raw_l2", "paired_task_count": 160, "fixed_strata": 8, "endpoints": {"certified_true_feasible": {"source_minus_control": 0.01875, "paired_bootstrap_95ci": [0.0, 0.0375]}, "initial_design_contains_true_feasible": {"source_minus_control": 0.00625, "paired_bootstrap_95ci": [0.0, 0.01875]}, "penalized_loss": {"source_minus_control": -0.006669419314009027, "paired_bootstrap_95ci": [-0.01906769273083948, 0.0004039706995721463]}}}, {"comparator": "source_best_z", "paired_task_count": 160, "fixed_strata": 8, "endpoints": {"certified_true_feasible": {"source_minus_control": -0.00625, "paired_bootstrap_95ci": [-0.01875, 0.0]}, "initial_design_contains_true_feasible": {"source_minus_control": 0.0, "paired_bootstrap_95ci": [0.0, 0.0]}, "penalized_loss": {"source_minus_control": 0.0, "paired_bootstrap_95ci": [0.0, 0.0]}}}, {"comparator": "standardized_generic_dct_maximin", "paired_task_count": 160, "fixed_strata": 8, "endpoints": {"certified_true_feasible": {"source_minus_control": 0.1625, "paired_bootstrap_95ci": [0.12484375000000011, 0.20625]}, "initial_design_contains_true_feasible": {"source_minus_control": 0.10625, "paired_bootstrap_95ci": [0.0875, 0.125]}, "penalized_loss": {"source_minus_control": -0.11107569536434385, "paired_bootstrap_95ci": [-0.12835325720928734, -0.09230093118385653]}}}]}
{"study": "attribution", "dimension": 1000, "library_size": 64, "paired": [{"comparator": "medoid_augmented", "paired_task_count": 160, "fixed_strata": 8, "endpoints": {"certified_true_feasible": {"source_minus_control": 0.15625, "paired_bootstrap_95ci": [0.1125, 0.2]}, "initial_design_contains_true_feasible": {"source_minus_control": 0.10625, "paired_bootstrap_95ci": [0.0875, 0.125]}, "penalized_loss": {"source_minus_control": -0.11114818299831104, "paired_bootstrap_95ci": [-0.12842512224387312, -0.09238792550337806]}}}, {"comparator": "source_best_raw_l2", "paired_task_count": 160, "fixed_strata": 8, "endpoints": {"certified_true_feasible": {"source_minus_control": 0.0375, "paired_bootstrap_95ci": [0.0125, 0.06875]}, "initial_design_contains_true_feasible": {"source_minus_control": 0.11875, "paired_bootstrap_95ci": [0.1, 0.1375]}, "penalized_loss": {"source_minus_control": -0.10686094485948106, "paired_bootstrap_95ci": [-0.12529810303439828, -0.08853509316567654]}}}, {"comparator": "source_best_z", "paired_task_count": 160, "fixed_strata": 8, "endpoints": {"certified_true_feasible": {"source_minus_control": -0.00625, "paired_bootstrap_95ci": [-0.01875, 0.0]}, "initial_design_contains_true_feasible": {"source_minus_control": 0.0, "paired_bootstrap_95ci": [0.0, 0.0]}, "penalized_loss": {"source_minus_control": -1.0408340855860842e-18, "paired_bootstrap_95ci": [-4.163336342344337e-18, 1.0408340855860842e-18]}}}, {"comparator": "standardized_generic_dct_maximin", "paired_task_count": 160, "fixed_strata": 8, "endpoints": {"certified_true_feasible": {"source_minus_control": 0.15625, "paired_bootstrap_95ci": [0.1125, 0.2]}, "initial_design_contains_true_feasible": {"source_minus_control": 0.10625, "paired_bootstrap_95ci": [0.0875, 0.125]}, "penalized_loss": {"source_minus_control": -0.11114818299831104, "paired_bootstrap_95ci": [-0.12842512224387312, -0.09238792550337806]}}}]}
{"study": "attribution", "dimension": 10000, "library_size": 64, "paired": [{"comparator": "medoid_augmented", "paired_task_count": 160, "fixed_strata": 8, "endpoints": {"certified_true_feasible": {"source_minus_control": 0.15625, "paired_bootstrap_95ci": [0.1125, 0.2]}, "initial_design_contains_true_feasible": {"source_minus_control": 0.10625, "paired_bootstrap_95ci": [0.0875, 0.125]}, "penalized_loss": {"source_minus_control": -0.11109508592837924, "paired_bootstrap_95ci": [-0.12839281397966962, -0.09230900429369072]}}}, {"comparator": "source_best_raw_l2", "paired_task_count": 160, "fixed_strata": 8, "endpoints": {"certified_true_feasible": {"source_minus_control": 0.01875, "paired_bootstrap_95ci": [0.0, 0.0375]}, "initial_design_contains_true_feasible": {"source_minus_control": 0.00625, "paired_bootstrap_95ci": [0.0, 0.01875]}, "penalized_loss": {"source_minus_control": -0.006667578915769105, "paired_bootstrap_95ci": [-0.019065652036972764, 0.000409873485327692]}}}, {"comparator": "source_best_z", "paired_task_count": 160, "fixed_strata": 8, "endpoints": {"certified_true_feasible": {"source_minus_control": -0.00625, "paired_bootstrap_95ci": [-0.01875, 0.0]}, "initial_design_contains_true_feasible": {"source_minus_control": 0.0, "paired_bootstrap_95ci": [0.0, 0.0]}, "penalized_loss": {"source_minus_control": 0.0, "paired_bootstrap_95ci": [-1.0408340855860842e-18, 1.0408340855860842e-18]}}}, {"comparator": "standardized_generic_dct_maximin", "paired_task_count": 160, "fixed_strata": 8, "endpoints": {"certified_true_feasible": {"source_minus_control": 0.15625, "paired_bootstrap_95ci": [0.1125, 0.2]}, "initial_design_contains_true_feasible": {"source_minus_control": 0.10625, "paired_bootstrap_95ci": [0.0875, 0.125]}, "penalized_loss": {"source_minus_control": -0.11109508592837924, "paired_bootstrap_95ci": [-0.12839281397966962, -0.09230900429369072]}}}]}
{"study": "confirmation", "dimension": 1000, "library_size": 64, "paired": [{"comparator": "medoid_augmented", "paired_task_count": 240, "fixed_strata": 24, "endpoints": {"certified_true_feasible": {"source_minus_control": 0.13333333333333333, "paired_bootstrap_95ci": [0.09583333333333333, 0.17083333333333334]}, "initial_design_contains_true_feasible": {"source_minus_control": 0.075, "paired_bootstrap_95ci": [0.037395833333333406, 0.1125]}, "penalized_loss": {"source_minus_control": -0.10437137688971174, "paired_bootstrap_95ci": [-0.14257244517395032, -0.06630246946271898]}}}, {"comparator": "source_best_raw_l2", "paired_task_count": 240, "fixed_strata": 24, "endpoints": {"certified_true_feasible": {"source_minus_control": 0.041666666666666664, "paired_bootstrap_95ci": [0.016666666666666666, 0.06666666666666667]}, "initial_design_contains_true_feasible": {"source_minus_control": 0.029166666666666667, "paired_bootstrap_95ci": [-8.673617379884035e-19, 0.058333333333333334]}, "penalized_loss": {"source_minus_control": -0.028478534277772263, "paired_bootstrap_95ci": [-0.05784573681421382, 0.0006484294568486311]}}}, {"comparator": "source_best_z", "paired_task_count": 240, "fixed_strata": 24, "endpoints": {"certified_true_feasible": {"source_minus_control": 0.008333333333333333, "paired_bootstrap_95ci": [0.0, 0.020833333333333332]}, "initial_design_contains_true_feasible": {"source_minus_control": 0.0, "paired_bootstrap_95ci": [0.0, 0.0]}, "penalized_loss": {"source_minus_control": -0.0004669349691709073, "paired_bootstrap_95ci": [-0.0014008049075127217, 0.0]}}}, {"comparator": "source_greedy_portfolio", "paired_task_count": 240, "fixed_strata": 24, "endpoints": {"certified_true_feasible": {"source_minus_control": 0.029166666666666667, "paired_bootstrap_95ci": [-0.02083333333333333, 0.07916666666666666]}, "initial_design_contains_true_feasible": {"source_minus_control": -0.2375, "paired_bootstrap_95ci": [-0.2875, -0.19166666666666662]}, "penalized_loss": {"source_minus_control": 0.25771907989724174, "paired_bootstrap_95ci": [0.21174186534458714, 0.3045603659667317]}}}, {"comparator": "standardized_generic_dct_maximin", "paired_task_count": 240, "fixed_strata": 24, "endpoints": {"certified_true_feasible": {"source_minus_control": 0.13333333333333333, "paired_bootstrap_95ci": [0.09583333333333333, 0.17083333333333334]}, "initial_design_contains_true_feasible": {"source_minus_control": 0.07083333333333333, "paired_bootstrap_95ci": [0.029166666666666674, 0.11249999999999999]}, "penalized_loss": {"source_minus_control": -0.10057406091923812, "paired_bootstrap_95ci": [-0.13959334056997405, -0.06192412451025219]}}}]}
{"study": "library_size", "dimension": 1000, "library_size": 32, "paired": [{"comparator": "standardized_generic_dct_maximin", "paired_task_count": 80, "fixed_strata": 8, "endpoints": {"certified_true_feasible": {"source_minus_control": 0.15, "paired_bootstrap_95ci": [0.08718750000000026, 0.21250000000000002]}, "initial_design_contains_true_feasible": {"source_minus_control": -0.0125, "paired_bootstrap_95ci": [-0.07500000000000001, 0.05]}, "penalized_loss": {"source_minus_control": -0.061333750737541305, "paired_bootstrap_95ci": [-0.11435376025317918, -0.009020730096208553]}}}]}
{"study": "library_size", "dimension": 1000, "library_size": 128, "paired": [{"comparator": "standardized_generic_dct_maximin", "paired_task_count": 80, "fixed_strata": 8, "endpoints": {"certified_true_feasible": {"source_minus_control": 0.1375, "paired_bootstrap_95ci": [0.075, 0.2]}, "initial_design_contains_true_feasible": {"source_minus_control": 0.025, "paired_bootstrap_95ci": [-0.012500000000000008, 0.075]}, "penalized_loss": {"source_minus_control": -0.1345872332649715, "paired_bootstrap_95ci": [-0.1809642148810692, -0.09123268670145007]}}}]}
