Rc files read:
  /etc/LatexMk
Latexmk: This is Latexmk, John Collins, 20 November 2021, version: 4.76.
Rule 'pdflatex': File changes, etc:
   Changed files, or newly in use since previous run(s):
      'sections/appendix.tex'
------------
Run number 1 of rule 'pdflatex'
------------
------------
Running 'pdflatex  -interaction=nonstopmode -halt-on-error -recorder  "supplement.tex"'
------------
Latexmk: applying rule 'pdflatex'...
This is pdfTeX, Version 3.141592653-2.6-1.40.22 (TeX Live 2022/dev/Debian) (preloaded format=pdflatex)
 restricted \write18 enabled.
entering extended mode
(./supplement.tex
LaTeX2e <2021-11-15> patch level 1
L3 programming layer <2022-01-21> (./informs4.cls
Document Class: informs4 2024/06/03 v1.02 LaTeX document class for articles sub
mitted to INFORMS
(/usr/share/texlive/texmf-dist/tex/latex/amsfonts/amsfonts.sty)
(/usr/share/texlive/texmf-dist/tex/latex/amsmath/amsmath.sty
For additional information on amsmath, use the `?' option.
(/usr/share/texlive/texmf-dist/tex/latex/amsmath/amstext.sty
(/usr/share/texlive/texmf-dist/tex/latex/amsmath/amsgen.sty))
(/usr/share/texlive/texmf-dist/tex/latex/amsmath/amsbsy.sty)
(/usr/share/texlive/texmf-dist/tex/latex/amsmath/amsopn.sty))
(/usr/share/texlive/texmf-dist/tex/latex/amsfonts/amssymb.sty)
(/usr/share/texlive/texmf-dist/tex/latex/base/ifthen.sty)
(/usr/share/texlive/texmf-dist/tex/latex/url/url.sty)
(/usr/share/texlive/texmf-dist/tex/latex/graphics/graphicx.sty
(/usr/share/texlive/texmf-dist/tex/latex/graphics/keyval.sty)
(/usr/share/texlive/texmf-dist/tex/latex/graphics/graphics.sty
(/usr/share/texlive/texmf-dist/tex/latex/graphics/trig.sty)
(/usr/share/texlive/texmf-dist/tex/latex/graphics-cfg/graphics.cfg)
(/usr/share/texlive/texmf-dist/tex/latex/graphics-def/pdftex.def)))
(/usr/share/texlive/texmf-dist/tex/latex/graphics/color.sty
(/usr/share/texlive/texmf-dist/tex/latex/graphics-cfg/color.cfg))
(/usr/share/texlive/texmf-dist/tex/latex/tools/array.sty)
(/usr/share/texlive/texmf-dist/tex/latex/tools/theorem.sty
(/usr/share/texlive/texmf-dist/tex/latex/tools/thp.sty))
(/usr/share/texlive/texmf-dist/tex/latex/psnfss/ot1ptm.fd))
(/usr/share/texmf/tex/latex/tex-gyre/tgtermes.sty
(/usr/share/texlive/texmf-dist/tex/latex/kvoptions/kvoptions.sty
(/usr/share/texlive/texmf-dist/tex/generic/ltxcmds/ltxcmds.sty)
(/usr/share/texlive/texmf-dist/tex/generic/kvsetkeys/kvsetkeys.sty)))
(/usr/share/texlive/texmf-dist/tex/latex/newtx/newtxtext.sty
`newtxtext' v1.705, 2022/01/11 Text macros taking advantage of TeXGyre Termes a
nd its extensions (msharpe)
(/usr/share/texlive/texmf-dist/tex/latex/base/fontenc.sty
(/usr/share/texmf/tex/latex/tex-gyre/t1qtm.fd))
(/usr/share/texlive/texmf-dist/tex/generic/iftex/ifxetex.sty
(/usr/share/texlive/texmf-dist/tex/generic/iftex/iftex.sty))
(/usr/share/texlive/texmf-dist/tex/generic/iftex/ifluatex.sty)
(/usr/share/texlive/texmf-dist/tex/latex/xkeyval/xkeyval.sty
(/usr/share/texlive/texmf-dist/tex/generic/xkeyval/xkeyval.tex
(/usr/share/texlive/texmf-dist/tex/generic/xkeyval/xkvutils.tex)))
(/usr/share/texlive/texmf-dist/tex/latex/etoolbox/etoolbox.sty)
(/usr/share/texlive/texmf-dist/tex/latex/base/textcomp.sty)
(/usr/share/texlive/texmf-dist/tex/generic/xstring/xstring.sty
(/usr/share/texlive/texmf-dist/tex/generic/xstring/xstring.tex))
(/usr/share/texlive/texmf-dist/tex/latex/carlisle/scalefnt.sty)
(/usr/share/texlive/texmf-dist/tex/generic/kastrup/binhex.tex)
(/usr/share/texlive/texmf-dist/tex/latex/fontaxes/fontaxes.sty))
(/usr/share/texlive/texmf-dist/tex/latex/newtx/newtxmath.sty
`newtxmath' v1.7, 2021/12/18 Math macros based originally on txfonts (msharpe)
(/usr/share/texlive/texmf-dist/tex/latex/oberdiek/centernot.sty)
(/usr/share/texlive/texmf-dist/tex/generic/kastrup/binhex.tex)
amsthm NOT loaded
) (/usr/share/texlive/texmf-dist/tex/latex/tools/bm.sty)
(/usr/share/texlive/texmf-dist/tex/latex/mathtools/mathtools.sty
(/usr/share/texlive/texmf-dist/tex/latex/tools/calc.sty)
(/usr/share/texlive/texmf-dist/tex/latex/mathtools/mhsetup.sty))
(/usr/share/texlive/texmf-dist/tex/latex/booktabs/booktabs.sty)
(/usr/share/texlive/texmf-dist/tex/latex/placeins/placeins.sty)
(/usr/share/texlive/texmf-dist/tex/latex/microtype/microtype.sty
(/usr/share/texlive/texmf-dist/tex/latex/microtype/microtype-pdftex.def)
(/usr/share/texlive/texmf-dist/tex/latex/microtype/microtype.cfg))
(/usr/share/texlive/texmf-dist/tex/latex/natbib/natbib.sty)
(/usr/share/texlive/texmf-dist/tex/latex/hyperref/xr-hyper.sty)
(/usr/share/texlive/texmf-dist/tex/latex/hyperref/hyperref.sty
(/usr/share/texlive/texmf-dist/tex/generic/pdftexcmds/pdftexcmds.sty
(/usr/share/texlive/texmf-dist/tex/generic/infwarerr/infwarerr.sty))
(/usr/share/texlive/texmf-dist/tex/generic/kvdefinekeys/kvdefinekeys.sty)
(/usr/share/texlive/texmf-dist/tex/generic/pdfescape/pdfescape.sty)
(/usr/share/texlive/texmf-dist/tex/latex/hycolor/hycolor.sty)
(/usr/share/texlive/texmf-dist/tex/latex/letltxmacro/letltxmacro.sty)
(/usr/share/texlive/texmf-dist/tex/latex/auxhook/auxhook.sty)
(/usr/share/texlive/texmf-dist/tex/latex/hyperref/pd1enc.def)
(/usr/share/texlive/texmf-dist/tex/latex/hyperref/hyperref-langpatches.def)
(/usr/share/texlive/texmf-dist/tex/generic/intcalc/intcalc.sty)
(/usr/share/texlive/texmf-dist/tex/generic/etexcmds/etexcmds.sty)
(/usr/share/texlive/texmf-dist/tex/latex/hyperref/puenc.def)
(/usr/share/texlive/texmf-dist/tex/generic/bitset/bitset.sty
(/usr/share/texlive/texmf-dist/tex/generic/bigintcalc/bigintcalc.sty))
(/usr/share/texlive/texmf-dist/tex/latex/base/atbegshi-ltx.sty))
(/usr/share/texlive/texmf-dist/tex/latex/hyperref/hpdftex.def
(/usr/share/texlive/texmf-dist/tex/latex/base/atveryend-ltx.sty)
(/usr/share/texlive/texmf-dist/tex/latex/rerunfilecheck/rerunfilecheck.sty
(/usr/share/texlive/texmf-dist/tex/generic/uniquecounter/uniquecounter.sty)))
(/usr/share/texlive/texmf-dist/tex/latex/newtx/t1ntxtlf.fd)
(/usr/share/texlive/texmf-dist/tex/latex/l3backend/l3backend-pdftex.def)
(./supplement.aux) (/usr/share/texlive/texmf-dist/tex/latex/newtx/omlntxmi.fd)
(/usr/share/texlive/texmf-dist/tex/latex/newtx/untxexa.fd)
(/usr/share/texlive/texmf-dist/tex/latex/newtx/lmsntxsy.fd)
(/usr/share/texlive/texmf-dist/tex/latex/newtx/lmxntxexx.fd)
(/usr/share/texlive/texmf-dist/tex/context/base/mkii/supp-pdf.mkii
[Loading MPS to PDF converter (version 2006.09.02).]
) (/usr/share/texlive/texmf-dist/tex/latex/epstopdf-pkg/epstopdf-base.sty
(/usr/share/texlive/texmf-dist/tex/latex/latexconfig/epstopdf-sys.cfg))
(/usr/share/texlive/texmf-dist/tex/latex/microtype/mt-ptm.cfg)
(/usr/share/texlive/texmf-dist/tex/latex/hyperref/nameref.sty
(/usr/share/texlive/texmf-dist/tex/latex/refcount/refcount.sty)
(/usr/share/texlive/texmf-dist/tex/generic/gettitlestring/gettitlestring.sty))
(./supplement.out) (./supplement.out) (./sections/appendix.tex
(/usr/share/texmf/tex/latex/tex-gyre/t1qhv.fd)
(/usr/share/texlive/texmf-dist/tex/latex/newtx/ot1ntxtlf.fd)
(/usr/share/texlive/texmf-dist/tex/latex/amsfonts/umsa.fd)
(/usr/share/texlive/texmf-dist/tex/latex/microtype/mt-msa.cfg)
(/usr/share/texlive/texmf-dist/tex/latex/amsfonts/umsb.fd)
(/usr/share/texlive/texmf-dist/tex/latex/microtype/mt-msb.cfg)
(/usr/share/texlive/texmf-dist/tex/latex/microtype/mt-cmr.cfg)

LaTeX Font Warning: Font shape `OT1/cmr/bx/n' in size <5.5> not available
(Font)              size <5> substituted on input line 13.


LaTeX Font Warning: Font shape `OML/cmm/b/it' in size <5.5> not available
(Font)              size <5> substituted on input line 13.


LaTeX Font Warning: Font shape `OMS/cmsy/b/n' in size <5.5> not available
(Font)              size <5> substituted on input line 13.

(/usr/share/texlive/texmf-dist/tex/latex/newtx/untxmia.fd)
(/usr/share/texlive/texmf-dist/tex/latex/newtx/untxsym.fd)
(/usr/share/texlive/texmf-dist/tex/latex/newtx/untxsyc.fd) [1{/home/erzhu419/.t
exlive2021/texmf-var/fonts/map/pdftex/updmap/pdftex.map}]
(./tables/review_matched_comparisons.tex) (./tables/review_verifier_power.tex)
(./tables/review_sensitivity.tex) [2]
(/usr/share/texlive/texmf-dist/tex/latex/newtx/t1ntxtt.fd)
(./tables/review_task_seed_strata.tex) (./tables/review_native_transfer.tex)
[3] (./tables/review_temporal_v4.tex) [4] [5] (./tables/review_attribution.tex)
(./tables/review_confirmation_families.tex)
(./tables/review_confirmation_regimes.tex) [6]
(./tables/review_library_sizes.tex) (./tables/review_confirmation_cost.tex)
(./tables/review_energy_reuse.tex) [7] [8] (./tables/hvd_diagnostic.tex)
[9 <./figures//review_aligned_geometry.pdf> <./figures//review_source_budget.pd
f>] [10] [11] [12] [13] [14]) [15] (./supplement.bbl) [16] (./supplement.aux)

LaTeX Font Warning: Size substitutions with differences
(Font)              up to 0.5pt have occurred.

 ){/usr/share/texlive/texmf-dist/fonts/enc/dvips/newtx/ntx-ec-tlf.enc}{/usr/sha
re/texlive/texmf-dist/fonts/enc/dvips/newtx/ntx-ot1-tlf.enc}{/usr/share/texmf/f
onts/enc/dvips/tex-gyre/q-ec.enc}</usr/share/texlive/texmf-dist/fonts/type1/pub
lic/newtx/NewTXMI.pfb></usr/share/texlive/texmf-dist/fonts/type1/public/newtx/N
ewTXMI5.pfb></usr/share/texlive/texmf-dist/fonts/type1/public/newtx/NewTXMI7.pf
b></usr/share/texmf/fonts/type1/public/tex-gyre/qhvb.pfb></usr/share/texlive/te
xmf-dist/fonts/type1/public/txfonts/t1xtt.pfb></usr/share/texlive/texmf-dist/fo
nts/type1/public/newtx/txexs.pfb></usr/share/texlive/texmf-dist/fonts/type1/pub
lic/newtx/txmiaX.pfb></usr/share/texlive/texmf-dist/fonts/type1/public/txfonts/
txsya.pfb></usr/share/texlive/texmf-dist/fonts/type1/public/txfonts/txsyb.pfb><
/usr/share/texlive/texmf-dist/fonts/type1/public/newtx/txsys.pfb></usr/share/te
xlive/texmf-dist/fonts/type1/public/newtx/ztmb.pfb></usr/share/texlive/texmf-di
st/fonts/type1/public/newtx/ztmr.pfb></usr/share/texlive/texmf-dist/fonts/type1
/public/newtx/ztmri.pfb>
Output written on supplement.pdf (16 pages, 275172 bytes).
Transcript written on supplement.log.
Latexmk: Found input bbl file 'supplement.bbl'
Latexmk: Log file says output to 'supplement.pdf'
Latexmk: Examining 'supplement.log'
=== TeX engine is 'pdfTeX'
Latexmk: Found bibliography file(s) [references.bib]
Latexmk: All targets (supplement.pdf) are up-to-date
