{
  "protocol_id": "public_battery_announced_library_objective_preflight_v1_20261001",
  "status": "library_objective_preflight_pass",
  "joint_library_candidates": 154,
  "forecast_decision_visibility_checks": 74022,
  "public_boundary_requests": 6,
  "public_boundary_response_bytes": 3198,
  "new_unique_half_hour_slots": 9,
  "accounted_saved_pilots": 4,
  "accounted_saved_hours": 680,
  "new_controller_window_evaluations": 0,
  "controller_window_replays": 0,
  "new_nomination_calls": 0,
  "new_declaration_path_evaluations": 0,
  "new_trajectory_evaluations": 0,
  "new_business_data_requests": 0,
  "diagnostic_LP_calls": 0,
  "algorithm_optimizer_calls": 0,
  "terminal_verifier_calls": 0,
  "confirmation_year_access": false,
  "library_matrix_launch": false,
  "source_comparison_gate": "HOLD",
  "next": "freeze bounded dynamic-target integration and components before any library rollout"
}
